`{
    "collections": {
        "Dandy": [
            "Dandy90",
            "Dandy94",
            "Dandy93",
            "Dandy88",
            "Dandy91",
            "Dandy92",
            "Dandy87",
            "Dandy89"
        ]
    },
    "curatedCollections": {},
    "items": {
        "Dandy87": {
            "collection": "Dandy",
            "contentTypes": [
                "thumbnail"
            ],
            "id": "87",
            "image": "https://neomotorcycles.co.uk/assets/img/neo_motorcycle_side.webp",
            "medias": [
                {
                    "file": {
                        "url": "https://neomotorcycles.co.uk/assets/img/neo_motorcycle_side.webp"
                    },
                    "mediaType": "thumbnail"
                }
            ],
            "name": "Neo Motorcycle 1 of 1",
            "rarity": "rare",
            "scalar": {
                "Speed": "100.00000000"
            },
            "tag": {
                "NeoMotorCycleTag": "Tag1"
            },
            "typeIdentifier": "A.f8d6e0586b0a20c7.Dandy.NFT",
            "url": "https://find.xyz/collection/user1/dandy/87",
            "uuid": "87"
        },
        "Dandy88": {
            "collection": "Dandy",
            "contentTypes": [
                "video",
                "thumbnail"
            ],
            "id": "88",
            "image": "https://nft.blocto.app/xtingles/preview-xBloctopus.png",
            "medias": [
                {
                    "file": {
                        "url": "https://nft.blocto.app/xtingles/xBloctopus.mp4"
                    },
                    "mediaType": "video"
                },
                {
                    "file": {
                        "url": "https://nft.blocto.app/xtingles/preview-xBloctopus.png"
                    },
                    "mediaType": "thumbnail"
                }
            ],
            "name": "xtingle 1 of 1",
            "rarity": "rare",
            "scalar": {
                "video length": "27.00000000"
            },
            "tag": {
                "xtingle Tag": "Tag1"
            },
            "typeIdentifier": "A.f8d6e0586b0a20c7.Dandy.NFT",
            "url": "https://nft.blocto.app/xtingles//88",
            "uuid": "88"
        },
        "Dandy89": {
            "collection": "Dandy",
            "contentTypes": [
                "image"
            ],
            "id": "89",
            "image": "https://flovatar.com/api/image/166",
            "medias": [
                {
                    "file": {
                        "url": "https://flovatar.com/api/image/166"
                    },
                    "mediaType": "image"
                }
            ],
            "name": "flovatar 1 of 1",
            "rarity": "rare",
            "scalar": {
                "id": "166.00000000",
                "rarity score": "2.20000000"
            },
            "tag": {
                "flovatar Tag": "Tag1"
            },
            "typeIdentifier": "A.f8d6e0586b0a20c7.Dandy.NFT",
            "url": "https://flovatar.com/api/image//89",
            "uuid": "89"
        },
        "Dandy90": {
            "collection": "Dandy",
            "contentTypes": [
                "video",
                "thumbnail"
            ],
            "id": "90",
            "image": "ipfs://QmeDLGnYNyunkTjd23yx36sHviWyR9L2shHshjwe1qBCqR",
            "medias": [
                {
                    "file": {
                        "cid": "QmdDJUobzSaFfg8PwZZcCB3cPwbZ8pthRf1x6XiR9xwS3U",
                        "path": ""
                    },
                    "mediaType": "video"
                },
                {
                    "file": {
                        "cid": "QmeDLGnYNyunkTjd23yx36sHviWyR9L2shHshjwe1qBCqR",
                        "path": ""
                    },
                    "mediaType": "thumbnail"
                }
            ],
            "name": "ufcstrike 1 of 1",
            "rarity": "rare",
            "scalar": {
                "rank": "295.00000000"
            },
            "tag": {
                "ufcstrike Tag": "Tag1"
            },
            "typeIdentifier": "A.f8d6e0586b0a20c7.Dandy.NFT",
            "url": "https://giglabs.mypinata.cloud/ipfs//90",
            "uuid": "90"
        },
        "Dandy91": {
            "collection": "Dandy",
            "contentTypes": [
                "video",
                "thumbnail"
            ],
            "id": "91",
            "image": "https://content-images.jambb.com/card-front/29849042-6fc8-4f13-8fa8-6a09501c6ea8.jpg",
            "medias": [
                {
                    "file": {
                        "cid": "QmVoKN72cEyQ87FkphUxuc2jMnsNUSB5zoSxEitGLBypPr",
                        "path": ""
                    },
                    "mediaType": "video"
                },
                {
                    "file": {
                        "url": "https://content-images.jambb.com/card-front/29849042-6fc8-4f13-8fa8-6a09501c6ea8.jpg"
                    },
                    "mediaType": "thumbnail"
                }
            ],
            "name": "jambb 1 of 1",
            "rarity": "rare",
            "scalar": {
                "video length": "45.00000000"
            },
            "tag": {
                "jambb Tag": "Tag1"
            },
            "typeIdentifier": "A.f8d6e0586b0a20c7.Dandy.NFT",
            "url": "https://www.jambb.com/c/moment//91",
            "uuid": "91"
        },
        "Dandy92": {
            "collection": "Dandy",
            "contentTypes": [
                "text"
            ],
            "id": "92",
            "image": "No one\nOf the year I hope it's on\nFor work",
            "medias": [
                {
                    "file": {
                        "content": "No one\nOf the year I hope it's on\nFor work",
                        "mediaType": "text",
                        "protocol": "onChain"
                    },
                    "mediaType": "text"
                }
            ],
            "name": "bitku 1 of 1",
            "rarity": "rare",
            "scalar": {
                "rank": "0.00000000"
            },
            "tag": {
                "bitku Tag": "Tag1"
            },
            "typeIdentifier": "A.f8d6e0586b0a20c7.Dandy.NFT",
            "url": "https://bitku.art//92",
            "uuid": "92"
        },
        "Dandy93": {
            "collection": "Dandy",
            "contentTypes": [
                "image"
            ],
            "id": "93",
            "image": "ipfs://QmSj3vVwPPzq4UxUnrR7HvUCCFDJGvwBV2ShP7ycTtD73a",
            "medias": [
                {
                    "file": {
                        "cid": "QmSj3vVwPPzq4UxUnrR7HvUCCFDJGvwBV2ShP7ycTtD73a",
                        "path": ""
                    },
                    "mediaType": "image"
                }
            ],
            "name": "goatedgoats 1 of 1",
            "rarity": "rare",
            "scalar": {
                "id": "2389.00000000"
            },
            "tag": {
                "goatedgoats Tag": "Tag1"
            },
            "typeIdentifier": "A.f8d6e0586b0a20c7.Dandy.NFT",
            "url": "https://goatedgoats.com//93",
            "uuid": "93"
        },
        "Dandy94": {
            "collection": "Dandy",
            "contentTypes": [
                "video"
            ],
            "id": "94",
            "image": "https://ipfs.io/ipfs/bafybeif3banecjnrz7afp54tb332f3zzigzbdcgmjk3k3dwp4iqlrwsbju/73ceab33cf76c2cf48a9a587119c87d21d4ec92b5748e743113c4ce8a1568b53.mp4",
            "medias": [
                {
                    "file": {
                        "url": "https://ipfs.io/ipfs/bafybeif3banecjnrz7afp54tb332f3zzigzbdcgmjk3k3dwp4iqlrwsbju/73ceab33cf76c2cf48a9a587119c87d21d4ec92b5748e743113c4ce8a1568b53.mp4"
                    },
                    "mediaType": "video"
                }
            ],
            "name": "klktn 1 of 1",
            "rarity": "rare",
            "scalar": {
                "id": "0.00000000"
            },
            "tag": {
                "klktn Tag": "Tag1"
            },
            "typeIdentifier": "A.f8d6e0586b0a20c7.Dandy.NFT",
            "url": "https://klktn.com//94",
            "uuid": "94"
        }
    }
}`
