`{
    "A.f8d6e0586b0a20c7.Dandy.NFT": {
        "extraIDsIdentifier": "A.f8d6e0586b0a20c7.Dandy.NFT",
        "items": [
            {
                "collection": "A.f8d6e0586b0a20c7.Dandy.NFT",
                "id": 259,
                "media": "ipfs://QmeDLGnYNyunkTjd23yx36sHviWyR9L2shHshjwe1qBCqR",
                "mediaType": "image/png",
                "name": "ufcstrike 1 of 1#1",
                "nftDetailIdentifier": "A.f8d6e0586b0a20c7.Dandy.NFT",
                "source": "NFTCatalog",
                "subCollection": "ufcstrike"
            },
            {
                "collection": "A.f8d6e0586b0a20c7.Dandy.NFT",
                "id": 261,
                "media": "ipfs://QmSj3vVwPPzq4UxUnrR7HvUCCFDJGvwBV2ShP7ycTtD73a",
                "mediaType": "image/png",
                "name": "goatedgoats 1 of 1#1",
                "nftDetailIdentifier": "A.f8d6e0586b0a20c7.Dandy.NFT",
                "source": "NFTCatalog",
                "subCollection": "goatedgoats"
            },
            {
                "collection": "A.f8d6e0586b0a20c7.Dandy.NFT",
                "id": 260,
                "media": "https://content-images.jambb.com/card-front/29849042-6fc8-4f13-8fa8-6a09501c6ea8.jpg",
                "mediaType": "image/png",
                "name": "jambb 1 of 1#1",
                "nftDetailIdentifier": "A.f8d6e0586b0a20c7.Dandy.NFT",
                "source": "NFTCatalog",
                "subCollection": "jambb"
            },
            {
                "collection": "A.f8d6e0586b0a20c7.Dandy.NFT",
                "id": 262,
                "media": "https://helloeddi.files.wordpress.com/2020/11/kevin1.jpg?w=982\u0026h=1360?w=650",
                "mediaType": "image/png",
                "name": "klktn 1 of 1#1",
                "nftDetailIdentifier": "A.f8d6e0586b0a20c7.Dandy.NFT",
                "source": "NFTCatalog",
                "subCollection": "klktn"
            },
            {
                "collection": "A.f8d6e0586b0a20c7.Dandy.NFT",
                "id": 257,
                "media": "https://neomotorcycles.co.uk/assets/img/neo_motorcycle_side.webp",
                "mediaType": "image/png",
                "name": "Neo Motorcycle 1 of 1#1",
                "nftDetailIdentifier": "A.f8d6e0586b0a20c7.Dandy.NFT",
                "source": "NFTCatalog",
                "subCollection": "neomotorcycle"
            },
            {
                "collection": "A.f8d6e0586b0a20c7.Dandy.NFT",
                "id": 258,
                "media": "https://nft.blocto.app/xtingles/preview-xBloctopus.png",
                "mediaType": "image/png",
                "name": "xtingle 1 of 1#1",
                "nftDetailIdentifier": "A.f8d6e0586b0a20c7.Dandy.NFT",
                "source": "NFTCatalog",
                "subCollection": "xtingles"
            }
        ],
        "length": 6,
        "shard": "NFTCatalog"
    }
}`
