[]test_main.CollectionData{
	{
		Collection:          "A.f3fcd2c1a78f5eee.Dandy.NFT",
		Media:               "https://neomotorcycles.co.uk/assets/img/neo_motorcycle_side.webp",
		MediaType:           "image/png",
		Name:                "Neo Motorcycle 1 of 3",
		NftDetailIdentifier: "A.f3fcd2c1a78f5eee.Dandy.NFT",
		Source:              "NFTCatalog",
		SubCollection:       "user1",
		Edition:             1,
	},
	{
		Collection:          "A.f3fcd2c1a78f5eee.Dandy.NFT",
		Media:               "https://neomotorcycles.co.uk/assets/img/neo_motorcycle_side.webp",
		MediaType:           "image/png",
		Name:                "Neo Motorcycle 2 of 3",
		NftDetailIdentifier: "A.f3fcd2c1a78f5eee.Dandy.NFT",
		Source:              "NFTCatalog",
		SubCollection:       "user1",
		Edition:             2,
	},
	{
		Collection:          "A.f3fcd2c1a78f5eee.Dandy.NFT",
		Media:               "https://neomotorcycles.co.uk/assets/img/neo_motorcycle_side.webp",
		MediaType:           "image/png",
		Name:                "Neo Motorcycle 3 of 3",
		NftDetailIdentifier: "A.f3fcd2c1a78f5eee.Dandy.NFT",
		Source:              "NFTCatalog",
		SubCollection:       "user1",
		Edition:             3,
	},
}
