[]test_main.CollectionData{
	{
		Collection:          "A.179b6b1cb6755e31.Dandy.NFT",
		Media:               "https://neomotorcycles.co.uk/assets/img/neo_motorcycle_side.webp",
		MediaType:           "image/png",
		Name:                "Neo Motorcycle 1 of 3",
		NftDetailIdentifier: "A.179b6b1cb6755e31.Dandy.NFT",
		Source:              "NFTCatalog",
		SubCollection:       "user1",
		Edition:             1,
	},
	{
		Collection:          "A.179b6b1cb6755e31.Dandy.NFT",
		Media:               "https://neomotorcycles.co.uk/assets/img/neo_motorcycle_side.webp",
		MediaType:           "image/png",
		Name:                "Neo Motorcycle 2 of 3",
		NftDetailIdentifier: "A.179b6b1cb6755e31.Dandy.NFT",
		Source:              "NFTCatalog",
		SubCollection:       "user1",
		Edition:             2,
	},
	{
		Collection:          "A.179b6b1cb6755e31.Dandy.NFT",
		Media:               "https://neomotorcycles.co.uk/assets/img/neo_motorcycle_side.webp",
		MediaType:           "image/png",
		Name:                "Neo Motorcycle 3 of 3",
		NftDetailIdentifier: "A.179b6b1cb6755e31.Dandy.NFT",
		Source:              "NFTCatalog",
		SubCollection:       "user1",
		Edition:             3,
	},
}
