[]*overflow.FormatedEvent{
	&overflow.FormatedEvent{
		Name: "A.f8d6e0586b0a20c7.FindMarketSale.Sale",
		Time: time.Time{
			ext: 62135596800,
			loc: &time.Location{
				name: "UTC",
			},
		},
		Fields: map[string]interface{}{
			"amount":      "10.00000000",
			"buyer":       "",
			"buyerAvatar": "",
			"buyerName":   "",
			"endsAt":      "100.00000000",
			"id":          "112",
			"nft": map[string]interface{}{
				"collectionDescription": "Neo Collectibles FIND",
				"collectionName":        "user1",
				"editionNumber":         "3",
				"id":                    "112",
				"name":                  "Neo Motorcycle 3 of 3",
				"rarity":                "",
				"scalars": map[string]interface{}{
					"Speed":              "100.00000000",
					"edition_set_max":    "3.00000000",
					"edition_set_number": "3.00000000",
				},
				"tags":           map[string]interface{}{"NeoMotorCycleTag": "Tag1"},
				"thumbnail":      "https://neomotorcycles.co.uk/assets/img/neo_motorcycle_side.webp",
				"totalInEdition": "3",
				"type":           "A.f8d6e0586b0a20c7.Dandy.NFT",
			},
			"seller":     "0x179b6b1cb6755e31",
			"sellerName": "user1",
			"status":     "cancel",
			"tenant":     "find",
			"vaultType":  "A.0ae53cb6e3f42a79.FlowToken.Vault",
		},
	},
	&overflow.FormatedEvent{
		Name: "A.f8d6e0586b0a20c7.FindMarketSale.Sale",
		Time: time.Time{
			ext: 62135596800,
			loc: &time.Location{name: "UTC"},
		},
		Fields: map[string]interface{}{
			"amount":      "10.00000000",
			"buyer":       "",
			"buyerAvatar": "",
			"buyerName":   "",
			"endsAt":      "100.00000000",
			"id":          "110",
			"nft": map[string]interface{}{
				"collectionDescription": "Neo Collectibles FIND",
				"collectionName":        "user1",
				"editionNumber":         "1",
				"id":                    "110",
				"name":                  "Neo Motorcycle 1 of 3",
				"rarity":                "",
				"scalars": map[string]interface{}{
					"Speed":              "100.00000000",
					"edition_set_max":    "3.00000000",
					"edition_set_number": "1.00000000",
				},
				"tags":           map[string]interface{}{"NeoMotorCycleTag": "Tag1"},
				"thumbnail":      "https://neomotorcycles.co.uk/assets/img/neo_motorcycle_side.webp",
				"totalInEdition": "3",
				"type":           "A.f8d6e0586b0a20c7.Dandy.NFT",
			},
			"seller":     "0x179b6b1cb6755e31",
			"sellerName": "user1",
			"status":     "cancel",
			"tenant":     "find",
			"vaultType":  "A.0ae53cb6e3f42a79.FlowToken.Vault",
		},
	},
	&overflow.FormatedEvent{
		Name: "A.f8d6e0586b0a20c7.FindMarketSale.Sale",
		Time: time.Time{
			ext: 62135596800,
			loc: &time.Location{name: "UTC"},
		},
		Fields: map[string]interface{}{
			"amount":      "10.00000000",
			"buyer":       "",
			"buyerAvatar": "",
			"buyerName":   "",
			"endsAt":      "100.00000000",
			"id":          "111",
			"nft": map[string]interface{}{
				"collectionDescription": "Neo Collectibles FIND",
				"collectionName":        "user1",
				"editionNumber":         "2",
				"id":                    "111",
				"name":                  "Neo Motorcycle 2 of 3",
				"rarity":                "",
				"scalars": map[string]interface{}{
					"Speed":              "100.00000000",
					"edition_set_max":    "3.00000000",
					"edition_set_number": "2.00000000",
				},
				"tags":           map[string]interface{}{"NeoMotorCycleTag": "Tag1"},
				"thumbnail":      "https://neomotorcycles.co.uk/assets/img/neo_motorcycle_side.webp",
				"totalInEdition": "3",
				"type":           "A.f8d6e0586b0a20c7.Dandy.NFT",
			},
			"seller":     "0x179b6b1cb6755e31",
			"sellerName": "user1",
			"status":     "cancel",
			"tenant":     "find",
			"vaultType":  "A.0ae53cb6e3f42a79.FlowToken.Vault",
		},
	},
}
