`{
  "name": "A.f8d6e0586b0a20c7.FindMarketSale.Sale",
  "time": "1970-01-01T00:00:00Z",
  "fields": {
    "amount": "10.00000000",
    "buyer": "",
    "buyerAvatar": "",
    "buyerName": "",
    "endsAt": "301.00000000",
    "id": "ID1",
    "nft": {
      "collectionDescription": "Neo Collectibles FIND",
      "collectionName": "user1",
      "editionNumber": "2",
      "id": "ID1",
      "name": "Neo Motorcycle 2 of 3",
      "rarity": "",
      "scalars": {
        "Speed": "100.00000000",
        "edition_set_max": "3.00000000",
        "edition_set_number": "2.00000000"
      },
      "tags": {
        "NeoMotorCycleTag": "Tag1"
      },
      "thumbnail": "https://neomotorcycles.co.uk/assets/img/neo_motorcycle_side.webp",
      "totalInEdition": "3",
      "type": "A.f8d6e0586b0a20c7.Dandy.NFT"
    },
    "saleID": "ID0",
    "seller": "0x179b6b1cb6755e31",
    "sellerName": "user1",
    "status": "cancel",
    "tenant": "find",
    "vaultType": "A.0ae53cb6e3f42a79.FlowToken.Vault"
  }
}{
  "name": "A.f8d6e0586b0a20c7.FindMarketSale.Sale",
  "time": "1970-01-01T00:00:00Z",
  "fields": {
    "amount": "10.00000000",
    "buyer": "",
    "buyerAvatar": "",
    "buyerName": "",
    "endsAt": "301.00000000",
    "id": "ID2",
    "nft": {
      "collectionDescription": "Neo Collectibles FIND",
      "collectionName": "user1",
      "editionNumber": "3",
      "id": "ID2",
      "name": "Neo Motorcycle 3 of 3",
      "rarity": "",
      "scalars": {
        "Speed": "100.00000000",
        "edition_set_max": "3.00000000",
        "edition_set_number": "3.00000000"
      },
      "tags": {
        "NeoMotorCycleTag": "Tag1"
      },
      "thumbnail": "https://neomotorcycles.co.uk/assets/img/neo_motorcycle_side.webp",
      "totalInEdition": "3",
      "type": "A.f8d6e0586b0a20c7.Dandy.NFT"
    },
    "saleID": "ID1",
    "seller": "0x179b6b1cb6755e31",
    "sellerName": "user1",
    "status": "cancel",
    "tenant": "find",
    "vaultType": "A.0ae53cb6e3f42a79.FlowToken.Vault"
  }
}{
  "name": "A.f8d6e0586b0a20c7.FindMarketSale.Sale",
  "time": "1970-01-01T00:00:00Z",
  "fields": {
    "amount": "10.00000000",
    "buyer": "",
    "buyerAvatar": "",
    "buyerName": "",
    "endsAt": "301.00000000",
    "id": "ID0",
    "nft": {
      "collectionDescription": "Neo Collectibles FIND",
      "collectionName": "user1",
      "editionNumber": "1",
      "id": "ID0",
      "name": "Neo Motorcycle 1 of 3",
      "rarity": "",
      "scalars": {
        "Speed": "100.00000000",
        "edition_set_max": "3.00000000",
        "edition_set_number": "1.00000000"
      },
      "tags": {
        "NeoMotorCycleTag": "Tag1"
      },
      "thumbnail": "https://neomotorcycles.co.uk/assets/img/neo_motorcycle_side.webp",
      "totalInEdition": "3",
      "type": "A.f8d6e0586b0a20c7.Dandy.NFT"
    },
    "saleID": "ID2",
    "seller": "0x179b6b1cb6755e31",
    "sellerName": "user1",
    "status": "cancel",
    "tenant": "find",
    "vaultType": "A.0ae53cb6e3f42a79.FlowToken.Vault"
  }
}`
