`{
  "name": "A.f8d6e0586b0a20c7.FindMarketSale.Sale",
  "time": "1970-01-01T00:00:00Z",
  "fields": {
    "amount": 10,
    "endsAt": 301,
    "id": 228,
    "nft": {
      "collectionDescription": "Neo Collectibles FIND",
      "collectionName": "user1",
      "editionNumber": 3,
      "id": 228,
      "name": "Neo Motorcycle 3 of 3",
      "scalars": {
        "Speed": 100,
        "edition_set_max": 3,
        "edition_set_number": 3
      },
      "tags": {
        "NeoMotorCycleTag": "Tag1"
      },
      "thumbnail": "https://neomotorcycles.co.uk/assets/img/neo_motorcycle_side.webp",
      "totalInEdition": 3,
      "type": "A.f8d6e0586b0a20c7.Dandy.NFT"
    },
    "saleID": 231,
    "seller": "0x179b6b1cb6755e31",
    "sellerName": "user1",
    "status": "cancel",
    "tenant": "find",
    "vaultType": "A.0ae53cb6e3f42a79.FlowToken.Vault"
  }
}{
  "name": "A.f8d6e0586b0a20c7.FindMarketSale.Sale",
  "time": "1970-01-01T00:00:00Z",
  "fields": {
    "amount": 10,
    "endsAt": 301,
    "id": 227,
    "nft": {
      "collectionDescription": "Neo Collectibles FIND",
      "collectionName": "user1",
      "editionNumber": 2,
      "id": 227,
      "name": "Neo Motorcycle 2 of 3",
      "scalars": {
        "Speed": 100,
        "edition_set_max": 3,
        "edition_set_number": 2
      },
      "tags": {
        "NeoMotorCycleTag": "Tag1"
      },
      "thumbnail": "https://neomotorcycles.co.uk/assets/img/neo_motorcycle_side.webp",
      "totalInEdition": 3,
      "type": "A.f8d6e0586b0a20c7.Dandy.NFT"
    },
    "saleID": 230,
    "seller": "0x179b6b1cb6755e31",
    "sellerName": "user1",
    "status": "cancel",
    "tenant": "find",
    "vaultType": "A.0ae53cb6e3f42a79.FlowToken.Vault"
  }
}{
  "name": "A.f8d6e0586b0a20c7.FindMarketSale.Sale",
  "time": "1970-01-01T00:00:00Z",
  "fields": {
    "amount": 10,
    "endsAt": 301,
    "id": 226,
    "nft": {
      "collectionDescription": "Neo Collectibles FIND",
      "collectionName": "user1",
      "editionNumber": 1,
      "id": 226,
      "name": "Neo Motorcycle 1 of 3",
      "scalars": {
        "Speed": 100,
        "edition_set_max": 3,
        "edition_set_number": 1
      },
      "tags": {
        "NeoMotorCycleTag": "Tag1"
      },
      "thumbnail": "https://neomotorcycles.co.uk/assets/img/neo_motorcycle_side.webp",
      "totalInEdition": 3,
      "type": "A.f8d6e0586b0a20c7.Dandy.NFT"
    },
    "saleID": 229,
    "seller": "0x179b6b1cb6755e31",
    "sellerName": "user1",
    "status": "cancel",
    "tenant": "find",
    "vaultType": "A.0ae53cb6e3f42a79.FlowToken.Vault"
  }
}`
