[]*overflow.FormatedEvent{
	&overflow.FormatedEvent{
		Name: "A.f8d6e0586b0a20c7.FindMarketDirectOfferEscrow.DirectOffer",
		Time: time.Time{
			ext: 62135596800,
			loc: &time.Location{
				name: "UTC",
			},
		},
		Fields: map[string]interface{}{
			"amount":      "10.00000000",
			"buyer":       "0xf3fcd2c1a78f5eee",
			"buyerAvatar": "https://find.xyz/assets/img/avatars/avatar14.png",
			"buyerName":   "user2",
			"endsAt":      "100.00000000",
			"id":          "135",
			"nft": map[string]interface{}{
				"collectionDescription": "Neo Collectibles FIND",
				"collectionName":        "user1",
				"editionNumber":         "1",
				"id":                    "135",
				"name":                  "Neo Motorcycle 1 of 3",
				"rarity":                "",
				"scalars": map[string]interface{}{
					"Speed":              "100.00000000",
					"edition_set_max":    "3.00000000",
					"edition_set_number": "1.00000000",
				},
				"tags":           map[string]interface{}{"NeoMotorCycleTag": "Tag1"},
				"thumbnail":      "https://neomotorcycles.co.uk/assets/img/neo_motorcycle_side.webp",
				"totalInEdition": "3",
				"type":           "A.f8d6e0586b0a20c7.Dandy.NFT",
			},
			"saleID":     "140",
			"seller":     "0x179b6b1cb6755e31",
			"sellerName": "user1",
			"status":     "sold",
			"tenant":     "find",
			"vaultType":  "A.0ae53cb6e3f42a79.FlowToken.Vault",
		},
	},
	&overflow.FormatedEvent{
		Name: "A.f8d6e0586b0a20c7.Dandy.Withdraw",
		Time: time.Time{
			ext: 62135596800,
			loc: &time.Location{name: "UTC"},
		},
		Fields: map[string]interface{}{
			"from": "0x179b6b1cb6755e31",
			"id":   "135",
		},
	},
	&overflow.FormatedEvent{
		Name: "A.f8d6e0586b0a20c7.Dandy.Deposit",
		Time: time.Time{
			ext: 62135596800,
			loc: &time.Location{name: "UTC"},
		},
		Fields: map[string]interface{}{
			"id": "135",
			"to": "0xf3fcd2c1a78f5eee",
		},
	},
	&overflow.FormatedEvent{
		Name: "A.0ae53cb6e3f42a79.FlowToken.TokensWithdrawn",
		Time: time.Time{
			ext: 62135596800,
			loc: &time.Location{name: "UTC"},
		},
		Fields: map[string]interface{}{
			"amount": "10.00000000",
			"from":   "",
		},
	},
	&overflow.FormatedEvent{
		Name: "A.f8d6e0586b0a20c7.FindMarket.RoyaltyPaid",
		Time: time.Time{
			ext: 62135596800,
			loc: &time.Location{name: "UTC"},
		},
		Fields: map[string]interface{}{
			"address":     "0x179b6b1cb6755e31",
			"amount":      "0.50000000",
			"findName":    "user1",
			"id":          "135",
			"royaltyName": "artist",
			"tenant":      "find",
		},
	},
	&overflow.FormatedEvent{
		Name: "A.0ae53cb6e3f42a79.FlowToken.TokensWithdrawn",
		Time: time.Time{
			ext: 62135596800,
			loc: &time.Location{name: "UTC"},
		},
		Fields: map[string]interface{}{
			"amount": "0.50000000",
			"from":   "",
		},
	},
	&overflow.FormatedEvent{
		Name: "A.0ae53cb6e3f42a79.FlowToken.TokensDeposited",
		Time: time.Time{
			ext: 62135596800,
			loc: &time.Location{name: "UTC"},
		},
		Fields: map[string]interface{}{
			"amount": "0.50000000",
			"to":     "0x179b6b1cb6755e31",
		},
	},
	&overflow.FormatedEvent{
		Name: "A.f8d6e0586b0a20c7.FindMarket.RoyaltyPaid",
		Time: time.Time{
			ext: 62135596800,
			loc: &time.Location{name: "UTC"},
		},
		Fields: map[string]interface{}{
			"address":     "0xf8d6e0586b0a20c7",
			"amount":      "0.25000000",
			"findName":    "",
			"id":          "135",
			"royaltyName": "platform",
			"tenant":      "find",
		},
	},
	&overflow.FormatedEvent{
		Name: "A.0ae53cb6e3f42a79.FlowToken.TokensWithdrawn",
		Time: time.Time{
			ext: 62135596800,
			loc: &time.Location{name: "UTC"},
		},
		Fields: map[string]interface{}{
			"amount": "0.25000000",
			"from":   "",
		},
	},
	&overflow.FormatedEvent{
		Name: "A.0ae53cb6e3f42a79.FlowToken.TokensDeposited",
		Time: time.Time{
			ext: 62135596800,
			loc: &time.Location{name: "UTC"},
		},
		Fields: map[string]interface{}{
			"amount": "0.25000000",
			"to":     "0xf8d6e0586b0a20c7",
		},
	},
	&overflow.FormatedEvent{
		Name: "A.f8d6e0586b0a20c7.FindMarket.RoyaltyPaid",
		Time: time.Time{
			ext: 62135596800,
			loc: &time.Location{name: "UTC"},
		},
		Fields: map[string]interface{}{
			"address":     "0xf8d6e0586b0a20c7",
			"amount":      "0.25000000",
			"findName":    "",
			"id":          "135",
			"royaltyName": "find",
			"tenant":      "find",
		},
	},
	&overflow.FormatedEvent{
		Name: "A.0ae53cb6e3f42a79.FlowToken.TokensWithdrawn",
		Time: time.Time{
			ext: 62135596800,
			loc: &time.Location{name: "UTC"},
		},
		Fields: map[string]interface{}{
			"amount": "0.25000000",
			"from":   "",
		},
	},
	&overflow.FormatedEvent{
		Name: "A.0ae53cb6e3f42a79.FlowToken.TokensDeposited",
		Time: time.Time{
			ext: 62135596800,
			loc: &time.Location{name: "UTC"},
		},
		Fields: map[string]interface{}{
			"amount": "0.25000000",
			"to":     "0xf8d6e0586b0a20c7",
		},
	},
	&overflow.FormatedEvent{
		Name: "A.0ae53cb6e3f42a79.FlowToken.TokensDeposited",
		Time: time.Time{
			ext: 62135596800,
			loc: &time.Location{name: "UTC"},
		},
		Fields: map[string]interface{}{
			"amount": "9.00000000",
			"to":     "0x179b6b1cb6755e31",
		},
	},
}
