`[
    {
        "body": "This is new body",
        "created": 1,
        "creator": "0x120e725050340cab",
        "creatorAvatar": "https://find.xyz/assets/img/avatars/avatar14.png",
        "creatorName": "user1",
        "creatorProfileName": "user1",
        "header": "This is new header",
        "hidden": false,
        "id": 385,
        "lastUpdated": 1,
        "medias": {
            "ipfs://mediaHash": "mediaType"
        },
        "tags": [
            "tag4",
            "tag5",
            "@fest"
        ]
    }
]`
