[]test_main.ThoughtData{{
	Body:               "body",
	Created:            1,
	Creator:            "0xf669cb8d41ce0c74",
	CreatorAvatar:      "https://find.xyz/assets/img/avatars/avatar14.png",
	CreatorName:        "user1",
	CreatorProfileName: "user1",
	Header:             "head",
	Tags: []string{
		"tag1",
		"tag2",
		"@find",
	},
	NFT: []test_main.NftDetail{{
		Name:      "Neo Motorcycle 1 of 3",
		Thumbnail: "https://neomotorcycles.co.uk/assets/img/neo_motorcycle_side.webp",
		Type:      "A.179b6b1cb6755e31.Dandy.NFT",
	}},
}}
