[]test_main.ThoughtData{{
	Body:               "This is body",
	Created:            1,
	Creator:            "0xf669cb8d41ce0c74",
	CreatorAvatar:      "https://find.xyz/assets/img/avatars/avatar14.png",
	CreatorName:        "user1",
	CreatorProfileName: "user1",
	Header:             "This is header",
	Medias:             map[string]string{"ipfs://mediaHash": "mediaType"},
	Tags: []string{
		"tag1",
		"tag2",
		"@find",
	},
}}
