[]test_main.ThoughtData{{
	Body:               "This is body",
	Created:            1,
	Creator:            "0x192440c99cb17282",
	CreatorAvatar:      "https://find.xyz/assets/img/avatars/avatar14.png",
	CreatorName:        "user1",
	CreatorProfileName: "user1",
	Header:             "This is header",
	Medias:             map[string]string{"ipfs://mediaHash": "mediaType"},
	Reacted: map[string]interface{}{"fire": []interface{}{map[string]interface{}{
		"address":  "0xfd43f9148d4b725d",
		"avatar":   "https://find.xyz/assets/img/avatars/avatar14.png",
		"findName": "user2",
		"name":     "user2",
		"reaction": "fire",
	}}},
	ReactedUsers: map[string]interface{}{"fire": []interface{}{"user2"}},
	Reactions:    map[string]string{"fire": "1"},
	Tags: []string{
		"tag1",
		"tag2",
		"@find",
	},
}}
