`[
    {
        "body": "This is new body",
        "created": 1,
        "creator": "0xf669cb8d41ce0c74",
        "creatorAvatar": "https://find.xyz/assets/img/avatars/avatar14.png",
        "creatorName": "user1",
        "creatorProfileName": "user1",
        "header": "This is new header",
        "hidden": false,
        "id": 10002,
        "lastUpdated": 1,
        "medias": {
            "ipfs://mediaHash": "mediaType"
        },
        "reacted": {
            "sad": [
                {
                    "address": "0x192440c99cb17282",
                    "avatar": "https://find.xyz/assets/img/avatars/avatar14.png",
                    "findName": "user2",
                    "name": "user2",
                    "reaction": "sad"
                }
            ]
        },
        "reactedUsers": {
            "sad": [
                "user2"
            ]
        },
        "reactions": {
            "sad": 1
        },
        "tags": [
            "tag4",
            "tag5",
            "@fest"
        ]
    }
]`
