[]*overflow.OverflowFormatedEvent{
	&overflow.OverflowFormatedEvent{
		Name: "A.f8d6e0586b0a20c7.Profile.Updated",
		Time: time.Time{
			ext: 62135596800,
			loc: &time.Location{
				name: "UTC",
			},
		},
		Fields: map[string]interface{}{
			"account":   "0x179b6b1cb6755e31",
			"findName":  "user1",
			"thumbnail": "find",
			"userName":  "user1",
		},
	},
	&overflow.OverflowFormatedEvent{
		Name: "A.0ae53cb6e3f42a79.FlowToken.TokensWithdrawn",
		Time: time.Time{
			ext: 62135596800,
			loc: &time.Location{name: "UTC"},
		},
		Fields: map[string]interface{}{
			"amount": 8.73e-06,
			"from":   "0x179b6b1cb6755e31",
		},
	},
	&overflow.OverflowFormatedEvent{
		Name: "A.0ae53cb6e3f42a79.FlowToken.TokensDeposited",
		Time: time.Time{
			ext: 62135596800,
			loc: &time.Location{name: "UTC"},
		},
		Fields: map[string]interface{}{
			"amount": 8.73e-06,
			"to":     "0xe5a8b7f23e8b548f",
		},
	},
	&overflow.OverflowFormatedEvent{
		Name: "A.e5a8b7f23e8b548f.FlowFees.FeesDeducted",
		Time: time.Time{
			ext: 62135596800,
			loc: &time.Location{name: "UTC"},
		},
		Fields: map[string]interface{}{
			"amount":          8.73e-06,
			"executionEffort": 1.55e-06,
			"inclusionEffort": 1,
		},
	},
}
