[]*overflow.FormatedEvent{&overflow.FormatedEvent{
	Name: "A.f8d6e0586b0a20c7.Profile.Updated",
	Time: time.Time{
		ext: 62135596800,
		loc: &time.Location{
			name: "UTC",
		},
	},
	Fields: map[string]interface{}{
		"account":   "0x179b6b1cb6755e31",
		"findName":  "user1",
		"thumbnail": "find",
		"userName":  "user1",
	},
}}
