`[
    {
        "address": "0x179b6b1cb6755e31",
        "lockedUntil": "39312001.00000000",
        "name": "user1",
        "profile": "Capability\u003c\u0026AnyResource{A.f8d6e0586b0a20c7.Profile.Public}\u003e(address: 0x179b6b1cb6755e31, path: /public/findProfile)",
        "registeredTime": "1.00000000",
        "validUntil": "31536001.00000000"
    }
]`
