`[
    "A.f8d6e0586b0a20c7.FindViews.Nounce",
    "A.f8d6e0586b0a20c7.MetadataViews.NFTCollectionData",
    "checked",
    "checked",
    "checked",
    "checked",
    "checked",
    "checked",
    "checked",
    "checked",
    "checked"
]{
    "description": "Bringing the motorcycle world into the 21st century with cutting edge EV technology and advanced performance in a great classic British style, all here in the UK",
    "name": "Neo Motorcycle 1 of 3",
    "thumbnail": {
        "url": "https://neomotorcycles.co.uk/assets/img/neo_motorcycle_side.webp"
    }
}{
    "url": "https://find.xyz/collection/user1/dandy/ID0"
}`
