[]*overflow.FormatedEvent{
	&overflow.FormatedEvent{
		Name: "A.f8d6e0586b0a20c7.FUSD.TokensWithdrawn",
		Time: time.Time{
			ext: 62135596800,
			loc: &time.Location{
				name: "UTC",
			},
		},
		Fields: map[string]interface{}{
			"amount": "10.00000000",
			"from":   "0xe03daebed8ca0615",
		},
	},
	&overflow.FormatedEvent{
		Name: "A.f8d6e0586b0a20c7.Debug.Log",
		Time: time.Time{
			ext: 62135596800,
			loc: &time.Location{name: "UTC"},
		},
		Fields: map[string]interface{}{"msg": "currentBalance=4.00000000 new bid is at=10.00000000"},
	},
	&overflow.FormatedEvent{
		Name: "A.f8d6e0586b0a20c7.FUSD.TokensWithdrawn",
		Time: time.Time{
			ext: 62135596800,
			loc: &time.Location{name: "UTC"},
		},
		Fields: map[string]interface{}{
			"amount": "4.00000000",
			"from":   "",
		},
	},
	&overflow.FormatedEvent{
		Name: "A.f8d6e0586b0a20c7.FUSD.TokensDeposited",
		Time: time.Time{
			ext: 62135596800,
			loc: &time.Location{name: "UTC"},
		},
		Fields: map[string]interface{}{
			"amount": "4.00000000",
			"to":     "0xf3fcd2c1a78f5eee",
		},
	},
	&overflow.FormatedEvent{
		Name: "A.f8d6e0586b0a20c7.Debug.Log",
		Time: time.Time{
			ext: 62135596800,
			loc: &time.Location{name: "UTC"},
		},
		Fields: map[string]interface{}{"msg": "Balance of lease is at 10.00000000"},
	},
	&overflow.FormatedEvent{
		Name: "A.f8d6e0586b0a20c7.Debug.Log",
		Time: time.Time{
			ext: 62135596800,
			loc: &time.Location{name: "UTC"},
		},
		Fields: map[string]interface{}{"msg": "Sale price not set"},
	},
	&overflow.FormatedEvent{
		Name: "A.f8d6e0586b0a20c7.FIND.DirectOffer",
		Time: time.Time{
			ext: 62135596800,
			loc: &time.Location{name: "UTC"},
		},
		Fields: map[string]interface{}{
			"amount":            "10.00000000",
			"buyer":             "0xe03daebed8ca0615",
			"buyerName":         "user3",
			"lockedUntil":       "39312001.00000000",
			"name":              "user1",
			"previousBuyer":     "0xf3fcd2c1a78f5eee",
			"previousBuyerName": "user2",
			"seller":            "0x179b6b1cb6755e31",
			"sellerName":        "user1",
			"status":            "active_offered",
			"uuid":              "85",
			"validUntil":        "31536001.00000000",
			"vaultType":         "A.f8d6e0586b0a20c7.FUSD.Vault",
		},
	},
}
