`{
    "address": "0x179b6b1cb6755e31",
    "allowStoringFollowers": "true",
    "avatar": "https://find.xyz/assets/img/avatars/avatar14.png",
    "createdAt": "find",
    "description": "",
    "findName": "",
    "followers": null,
    "following": null,
    "gender": "",
    "links": {},
    "name": "user1",
    "tags": null,
    "wallets": [
        {
            "accept": "A.0ae53cb6e3f42a79.FlowToken.Vault",
            "balance": "100.00100000",
            "name": "Flow",
            "tags": [
                "flow"
            ]
        },
        {
            "accept": "A.f8d6e0586b0a20c7.FUSD.Vault",
            "balance": "98.80000000",
            "name": "FUSD",
            "tags": [
                "fusd",
                "stablecoin"
            ]
        },
        {
            "accept": "A.f8d6e0586b0a20c7.FiatToken.Vault",
            "balance": "100.00000000",
            "name": "USDC",
            "tags": [
                "usdc",
                "stablecoin"
            ]
        }
    ]
}`
