`{
  "name": "A.f8d6e0586b0a20c7.FIND.EnglishAuction",
  "time": "1970-01-01T00:00:00Z",
  "fields": {
    "amount": 20,
    "auctionReservePrice": 20,
    "buyer": "0xf3fcd2c1a78f5eee",
    "buyerAvatar": "https://find.xyz/assets/img/avatars/avatar14.png",
    "endsAt": 31622401,
    "lockedUntil": 39312001,
    "name": "user1",
    "seller": "0x179b6b1cb6755e31",
    "status": "sold",
    "uuid": 121,
    "validUntil": 31536001,
    "vaultType": "A.f8d6e0586b0a20c7.FUSD.Vault"
  }
}{
  "name": "A.f8d6e0586b0a20c7.FIND.RoyaltyPaid",
  "time": "1970-01-01T00:00:00Z",
  "fields": {
    "address": "0x01cf0e2f2f715450",
    "amount": 1,
    "name": "user1",
    "royaltyName": "Network",
    "saleType": "EnglishAuction",
    "uuid": 121,
    "vaultType": "A.f8d6e0586b0a20c7.FUSD.Vault"
  }
}`
