`{
  "name": "A.f8d6e0586b0a20c7.FIND.DirectOffer",
  "time": "1970-01-01T00:00:00Z",
  "fields": {
    "amount": 10,
    "buyer": "0xe03daebed8ca0615",
    "buyerAvatar": "https://find.xyz/assets/img/avatars/avatar14.png",
    "buyerName": "user3",
    "lockedUntil": 39312001,
    "name": "user1",
    "previousBuyer": "0xf3fcd2c1a78f5eee",
    "previousBuyerName": "user2",
    "seller": "0x179b6b1cb6755e31",
    "sellerName": "user1",
    "status": "active_offered",
    "uuid": 139,
    "validUntil": 31536001,
    "vaultType": "A.f8d6e0586b0a20c7.FUSD.Vault"
  }
}`
