`{
  "name": "A.f8d6e0586b0a20c7.FindMarketDirectOfferSoft.DirectOffer",
  "time": "1970-01-01T00:00:00Z",
  "fields": {
    "amount": 10,
    "buyer": "0xf3fcd2c1a78f5eee",
    "buyerAvatar": "https://find.xyz/assets/img/avatars/avatar14.png",
    "buyerName": "user2",
    "endsAt": 301,
    "id": 196,
    "nft": {
      "collectionDescription": "Neo Collectibles FIND",
      "collectionName": "user1",
      "editionNumber": 1,
      "id": 196,
      "name": "Neo Motorcycle 1 of 3",
      "scalars": {
        "Speed": 100,
        "edition_set_max": 3,
        "edition_set_number": 1
      },
      "tags": {
        "NeoMotorCycleTag": "Tag1"
      },
      "thumbnail": "https://neomotorcycles.co.uk/assets/img/neo_motorcycle_side.webp",
      "totalInEdition": 3,
      "type": "A.f8d6e0586b0a20c7.Dandy.NFT"
    },
    "saleID": 366,
    "seller": "0x179b6b1cb6755e31",
    "sellerName": "user1",
    "status": "sold",
    "tenant": "find",
    "vaultType": "A.0ae53cb6e3f42a79.FlowToken.Vault"
  }
}{
  "name": "A.f8d6e0586b0a20c7.FindMarket.RoyaltyPaid",
  "time": "1970-01-01T00:00:00Z",
  "fields": {
    "address": "0x179b6b1cb6755e31",
    "amount": 0.5,
    "findName": "user1",
    "id": 196,
    "nft": {
      "collectionDescription": "Neo Collectibles FIND",
      "collectionName": "user1",
      "editionNumber": 1,
      "id": 196,
      "name": "Neo Motorcycle 1 of 3",
      "scalars": {
        "Speed": 100,
        "edition_set_max": 3,
        "edition_set_number": 1
      },
      "tags": {
        "NeoMotorCycleTag": "Tag1"
      },
      "thumbnail": "https://neomotorcycles.co.uk/assets/img/neo_motorcycle_side.webp",
      "totalInEdition": 3,
      "type": "A.f8d6e0586b0a20c7.Dandy.NFT"
    },
    "royaltyName": "minter",
    "saleID": 366,
    "tenant": "find",
    "vaultType": "A.0ae53cb6e3f42a79.FlowToken.Vault"
  }
}{
  "name": "A.f8d6e0586b0a20c7.FindMarket.RoyaltyPaid",
  "time": "1970-01-01T00:00:00Z",
  "fields": {
    "address": "0xf8d6e0586b0a20c7",
    "amount": 0.25,
    "findName": "find",
    "id": 196,
    "nft": {
      "collectionDescription": "Neo Collectibles FIND",
      "collectionName": "user1",
      "editionNumber": 1,
      "id": 196,
      "name": "Neo Motorcycle 1 of 3",
      "scalars": {
        "Speed": 100,
        "edition_set_max": 3,
        "edition_set_number": 1
      },
      "tags": {
        "NeoMotorCycleTag": "Tag1"
      },
      "thumbnail": "https://neomotorcycles.co.uk/assets/img/neo_motorcycle_side.webp",
      "totalInEdition": 3,
      "type": "A.f8d6e0586b0a20c7.Dandy.NFT"
    },
    "royaltyName": "platform",
    "saleID": 366,
    "tenant": "find",
    "vaultType": "A.0ae53cb6e3f42a79.FlowToken.Vault"
  }
}{
  "name": "A.f8d6e0586b0a20c7.FindMarket.RoyaltyPaid",
  "time": "1970-01-01T00:00:00Z",
  "fields": {
    "address": "0xf8d6e0586b0a20c7",
    "amount": 0.35,
    "findName": "find",
    "id": 196,
    "nft": {
      "collectionDescription": "Neo Collectibles FIND",
      "collectionName": "user1",
      "editionNumber": 1,
      "id": 196,
      "name": "Neo Motorcycle 1 of 3",
      "scalars": {
        "Speed": 100,
        "edition_set_max": 3,
        "edition_set_number": 1
      },
      "tags": {
        "NeoMotorCycleTag": "Tag1"
      },
      "thumbnail": "https://neomotorcycles.co.uk/assets/img/neo_motorcycle_side.webp",
      "totalInEdition": 3,
      "type": "A.f8d6e0586b0a20c7.Dandy.NFT"
    },
    "royaltyName": "find",
    "saleID": 366,
    "tenant": "find",
    "vaultType": "A.0ae53cb6e3f42a79.FlowToken.Vault"
  }
}`
