`{
    "cost": "5.00000000",
    "leaseStatus": {
        "addons": null,
        "address": "0x179b6b1cb6755e31",
        "auctionEnds": "",
        "auctionReservePrice": "",
        "auctionStartPrice": "",
        "cost": "5.00000000",
        "currentTime": "1.00000000",
        "extensionOnLateBid": "300.00000000",
        "latestBid": "4.00000000",
        "latestBidBy": "0xf3fcd2c1a78f5eee",
        "lockedUntil": "39312001.00000000",
        "name": "user1",
        "salePrice": "10.00000000",
        "status": "TAKEN",
        "validUntil": "31536001.00000000"
    },
    "status": "TAKEN",
    "userReport": {
        "bids": [
            {
                "amount": "8.00000000",
                "lease": {
                    "addons": null,
                    "address": "0xf3fcd2c1a78f5eee",
                    "auctionEnds": "86401.00000000",
                    "auctionReservePrice": "20.00000000",
                    "auctionStartPrice": "5.00000000",
                    "cost": "5.00000000",
                    "currentTime": "1.00000000",
                    "extensionOnLateBid": "300.00000000",
                    "latestBid": "8.00000000",
                    "latestBidBy": "0x179b6b1cb6755e31",
                    "lockedUntil": "39312001.00000000",
                    "name": "user2",
                    "salePrice": "",
                    "status": "TAKEN",
                    "validUntil": "31536001.00000000"
                },
                "name": "user2",
                "timestamp": "1.00000000",
                "type": "auction"
            }
        ],
        "leases": [
            {
                "addons": null,
                "address": "0x179b6b1cb6755e31",
                "auctionEnds": "",
                "auctionReservePrice": "",
                "auctionStartPrice": "",
                "cost": "5.00000000",
                "currentTime": "1.00000000",
                "extensionOnLateBid": "300.00000000",
                "latestBid": "4.00000000",
                "latestBidBy": "0xf3fcd2c1a78f5eee",
                "lockedUntil": "39312001.00000000",
                "name": "user1",
                "salePrice": "10.00000000",
                "status": "TAKEN",
                "validUntil": "31536001.00000000"
            }
        ],
        "privateMode": "false",
        "profile": {
            "address": "0x179b6b1cb6755e31",
            "allowStoringFollowers": "true",
            "avatar": "https://find.xyz/assets/img/avatars/avatar14.png",
            "createdAt": "find",
            "description": "",
            "findName": "user1",
            "followers": null,
            "following": null,
            "gender": "",
            "links": {},
            "name": "user1",
            "tags": null,
            "wallets": [
                {
                    "accept": "A.0ae53cb6e3f42a79.FlowToken.Vault",
                    "balance": "100.00100000",
                    "name": "Flow",
                    "tags": [
                        "flow"
                    ]
                },
                {
                    "accept": "A.f8d6e0586b0a20c7.FUSD.Vault",
                    "balance": "87.00000000",
                    "name": "FUSD",
                    "tags": [
                        "fusd",
                        "stablecoin"
                    ]
                },
                {
                    "accept": "A.f8d6e0586b0a20c7.FiatToken.Vault",
                    "balance": "100.00000000",
                    "name": "USDC",
                    "tags": [
                        "usdc",
                        "stablecoin"
                    ]
                }
            ]
        },
        "relatedAccounts": {
            "dapper": "0xf3fcd2c1a78f5eee"
        }
    }
}`
