`map[string]interface {}{
  "allowedListingActions": map[string]interface {}{
    "FindMarketAuctionEscrow": map[string]interface {}{
      "ListingDetails": []interface {}{
        map[string]interface {}{
          "ftAlias": "Flow",
          "ftIdentifier": "A.0ae53cb6e3f42a79.FlowToken.Vault",
          "royalties": []interface {}{
            map[string]interface {}{
              "address": "0x179b6b1cb6755e31",
              "cut": 0.025,
              "royaltyName": "find",
            },
            map[string]interface {}{
              "address": "0xf669cb8d41ce0c74",
              "cut": 0.05,
              "findName": "user1",
              "royaltyName": "creator",
            },
            map[string]interface {}{
              "address": "0x179b6b1cb6755e31",
              "cut": 0.025,
              "royaltyName": "find forge",
            },
          },
        },
      },
      "ftAlias": []interface {}{
        "Flow",
      },
      "ftIdentifiers": []interface {}{
        "A.0ae53cb6e3f42a79.FlowToken.Vault",
      },
      "listingType": "A.179b6b1cb6755e31.FindMarketAuctionEscrow.SaleItem",
      "status": "active",
    },
    "FindMarketDirectOfferEscrow": map[string]interface {}{
      "ListingDetails": []interface {}{
        map[string]interface {}{
          "ftAlias": "Flow",
          "ftIdentifier": "A.0ae53cb6e3f42a79.FlowToken.Vault",
          "royalties": []interface {}{
            map[string]interface {}{
              "address": "0x179b6b1cb6755e31",
              "cut": 0.025,
              "royaltyName": "find",
            },
            map[string]interface {}{
              "address": "0xf669cb8d41ce0c74",
              "cut": 0.05,
              "findName": "user1",
              "royaltyName": "creator",
            },
            map[string]interface {}{
              "address": "0x179b6b1cb6755e31",
              "cut": 0.025,
              "royaltyName": "find forge",
            },
          },
        },
      },
      "ftAlias": []interface {}{
        "Flow",
      },
      "ftIdentifiers": []interface {}{
        "A.0ae53cb6e3f42a79.FlowToken.Vault",
      },
      "listingType": "A.179b6b1cb6755e31.FindMarketDirectOfferEscrow.SaleItem",
      "status": "active",
    },
    "FindMarketSale": map[string]interface {}{
      "ListingDetails": []interface {}{
        map[string]interface {}{
          "ftAlias": "Flow",
          "ftIdentifier": "A.0ae53cb6e3f42a79.FlowToken.Vault",
          "royalties": []interface {}{
            map[string]interface {}{
              "address": "0x179b6b1cb6755e31",
              "cut": 0.025,
              "royaltyName": "find",
            },
            map[string]interface {}{
              "address": "0xf669cb8d41ce0c74",
              "cut": 0.05,
              "findName": "user1",
              "royaltyName": "creator",
            },
            map[string]interface {}{
              "address": "0x179b6b1cb6755e31",
              "cut": 0.025,
              "royaltyName": "find forge",
            },
          },
        },
      },
      "ftAlias": []interface {}{
        "Flow",
      },
      "ftIdentifiers": []interface {}{
        "A.0ae53cb6e3f42a79.FlowToken.Vault",
      },
      "listingType": "A.179b6b1cb6755e31.FindMarketSale.SaleItem",
      "status": "active",
    },
  },
  "dapperAllowedListingActions": map[string]interface {}{
    "FindMarketAuctionEscrow": map[string]interface {}{
      "ListingDetails": []interface {}{
        map[string]interface {}{
          "ftAlias": "Flow",
          "ftIdentifier": "A.0ae53cb6e3f42a79.FlowToken.Vault",
          "royalties": []interface {}{
            map[string]interface {}{
              "address": "0x179b6b1cb6755e31",
              "cut": 0.025,
              "royaltyName": "find",
            },
            map[string]interface {}{
              "address": "0xf669cb8d41ce0c74",
              "cut": 0.05,
              "findName": "user1",
              "royaltyName": "creator",
            },
            map[string]interface {}{
              "address": "0x179b6b1cb6755e31",
              "cut": 0.025,
              "royaltyName": "find forge",
            },
          },
        },
      },
      "ftAlias": []interface {}{
        "Flow",
      },
      "ftIdentifiers": []interface {}{
        "A.0ae53cb6e3f42a79.FlowToken.Vault",
      },
      "listingType": "A.179b6b1cb6755e31.FindMarketAuctionEscrow.SaleItem",
      "status": "active",
    },
    "FindMarketDirectOfferEscrow": map[string]interface {}{
      "ListingDetails": []interface {}{
        map[string]interface {}{
          "ftAlias": "Flow",
          "ftIdentifier": "A.0ae53cb6e3f42a79.FlowToken.Vault",
          "royalties": []interface {}{
            map[string]interface {}{
              "address": "0x179b6b1cb6755e31",
              "cut": 0.025,
              "royaltyName": "find",
            },
            map[string]interface {}{
              "address": "0xf669cb8d41ce0c74",
              "cut": 0.05,
              "findName": "user1",
              "royaltyName": "creator",
            },
            map[string]interface {}{
              "address": "0x179b6b1cb6755e31",
              "cut": 0.025,
              "royaltyName": "find forge",
            },
          },
        },
      },
      "ftAlias": []interface {}{
        "Flow",
      },
      "ftIdentifiers": []interface {}{
        "A.0ae53cb6e3f42a79.FlowToken.Vault",
      },
      "listingType": "A.179b6b1cb6755e31.FindMarketDirectOfferEscrow.SaleItem",
      "status": "active",
    },
    "FindMarketSale": map[string]interface {}{
      "ListingDetails": []interface {}{
        map[string]interface {}{
          "ftAlias": "Flow",
          "ftIdentifier": "A.0ae53cb6e3f42a79.FlowToken.Vault",
          "royalties": []interface {}{
            map[string]interface {}{
              "address": "0x179b6b1cb6755e31",
              "cut": 0.025,
              "royaltyName": "find",
            },
            map[string]interface {}{
              "address": "0xf669cb8d41ce0c74",
              "cut": 0.05,
              "findName": "user1",
              "royaltyName": "creator",
            },
            map[string]interface {}{
              "address": "0x179b6b1cb6755e31",
              "cut": 0.025,
              "royaltyName": "find forge",
            },
          },
        },
      },
      "ftAlias": []interface {}{
        "Flow",
      },
      "ftIdentifiers": []interface {}{
        "A.0ae53cb6e3f42a79.FlowToken.Vault",
      },
      "listingType": "A.179b6b1cb6755e31.FindMarketSale.SaleItem",
      "status": "active",
    },
  },
  "findMarket": map[string]interface {}{
    "FindMarketSale": map[string]interface {}{
      "amount": 10.0,
      "ftAlias": "Flow",
      "ftTypeIdentifier": "A.0ae53cb6e3f42a79.FlowToken.Vault",
      "listingId": 1203,
      "listingStatus": "active",
      "listingTypeIdentifier": "A.179b6b1cb6755e31.FindMarketSale.SaleItem",
      "listingValidUntil": 101.0,
      "nftId": 1203,
      "nftIdentifier": "A.179b6b1cb6755e31.Dandy.NFT",
      "saleType": "active_listed",
      "seller": "0xf669cb8d41ce0c74",
      "sellerName": "user1",
    },
  },
  "linkedForMarket": true,
  "nftDetail": map[string]interface {}{
    "collection": map[string]interface {}{
      "bannerImage": map[string]interface {}{
        "https://neomotorcycles.co.uk/assets/img/neo-logo-web-dark.png?h=5a4d226197291f5f6370e79a1ee656a1": "image",
      },
      "description": "Neo Collectibles FIND",
      "externalURL": "https://neomotorcycles.co.uk/index.html",
      "name": "user1",
      "socials": map[string]interface {}{
        "Discord": "discord.gg/",
        "Twitter": "https://twitter.com/home",
      },
      "squareImage": map[string]interface {}{
        "https://neomotorcycles.co.uk/assets/img/neo_motorcycle_side.webp": "image",
      },
    },
    "description": "Bringing the motorcycle world into the 21st century with cutting edge EV technology and advanced performance in a great classic British style, all here in the UK",
    "editions": []interface {}{
      map[string]interface {}{
        "max": 3,
        "number": 2,
      },
      map[string]interface {}{
        "max": 3,
        "name": "set",
        "number": 2,
      },
    },
    "externalViewURL": "https://find.xyz/collection/user1/dandy/1203",
    "id": 1203,
    "media": map[string]interface {}{
      "https://neomotorcycles.co.uk/assets/img/neo_motorcycle_side.webp": "image/png",
    },
    "name": "Neo Motorcycle 2 of 3",
    "soulBounded": false,
    "thumbnail": "https://neomotorcycles.co.uk/assets/img/neo_motorcycle_side.webp",
    "traits": []interface {}{
      map[string]interface {}{
        "displayType": "String",
        "name": "NeoMotorCycleTag",
        "value": "Tag1",
      },
      map[string]interface {}{
        "displayType": "Numeric",
        "name": "Speed",
        "value": 100.0,
      },
      map[string]interface {}{
        "displayType": "Date",
        "name": "Birthday",
        "value": 1660145023.0,
      },
    },
    "type": "A.179b6b1cb6755e31.Dandy.NFT",
    "uuid": 1203,
    "views": []interface {}{
      "A.179b6b1cb6755e31.FindViews.Nounce",
      "A.f8d6e0586b0a20c7.MetadataViews.NFTCollectionData",
      "A.f8d6e0586b0a20c7.MetadataViews.Royalties",
      "A.179b6b1cb6755e31.FindViews.CreativeWork",
    },
  },
  "storefront": map[string]interface {}{
    "amount": 10.0,
    "cuts": []interface {}{
      map[string]interface {}{
        "address": "0xf669cb8d41ce0c74",
        "amount": 10.0,
        "findName": "user1",
      },
    },
    "ftTypeIdentifier": "A.0ae53cb6e3f42a79.FlowToken.Vault",
    "listingId": 1208,
    "nftId": 1203,
    "nftIdentifier": "A.179b6b1cb6755e31.Dandy.NFT",
  },
}`
