`{
    "allowedListingActions": {
        "FindMarketAuctionEscrow": {
            "ftAlias": [
                "Flow"
            ],
            "ftIdentifiers": [
                "A.0ae53cb6e3f42a79.FlowToken.Vault"
            ],
            "listingType": "A.f8d6e0586b0a20c7.FindMarketAuctionEscrow.SaleItem",
            "status": "active"
        },
        "FindMarketAuctionSoft": {
            "ftAlias": [
                "Flow"
            ],
            "ftIdentifiers": [
                "A.0ae53cb6e3f42a79.FlowToken.Vault"
            ],
            "listingType": "A.f8d6e0586b0a20c7.FindMarketAuctionSoft.SaleItem",
            "status": "active"
        },
        "FindMarketDirectOfferEscrow": {
            "ftAlias": [
                "Flow"
            ],
            "ftIdentifiers": [
                "A.0ae53cb6e3f42a79.FlowToken.Vault"
            ],
            "listingType": "A.f8d6e0586b0a20c7.FindMarketDirectOfferEscrow.SaleItem",
            "status": "active"
        },
        "FindMarketDirectOfferSoft": {
            "ftAlias": [
                "Flow"
            ],
            "ftIdentifiers": [
                "A.0ae53cb6e3f42a79.FlowToken.Vault"
            ],
            "listingType": "A.f8d6e0586b0a20c7.FindMarketDirectOfferSoft.SaleItem",
            "status": "active"
        },
        "FindMarketSale": {
            "ftAlias": [
                "Flow"
            ],
            "ftIdentifiers": [
                "A.0ae53cb6e3f42a79.FlowToken.Vault"
            ],
            "listingType": "A.f8d6e0586b0a20c7.FindMarketSale.SaleItem",
            "status": "active"
        }
    },
    "findMarket": {},
    "nftDetail": {
        "collectionDescription": "jambb FIND",
        "collectionName": "jambb",
        "data": {},
        "editionNumber": "",
        "id": "ID3",
        "media": {
            "https://content-images.jambb.com/card-front/29849042-6fc8-4f13-8fa8-6a09501c6ea8.jpg": "image/jpg;display=thumbnail",
            "ipfs://QmVoKN72cEyQ87FkphUxuc2jMnsNUSB5zoSxEitGLBypPr": "video/mp4"
        },
        "name": "jambb 1 of 1",
        "rarity": "rare",
        "royalties": [
            {
                "address": "0x179b6b1cb6755e31",
                "cut": "0.05000000",
                "findName": "user1",
                "royaltyName": "minter"
            },
            {
                "address": "0xf8d6e0586b0a20c7",
                "cut": "0.02500000",
                "findName": "",
                "royaltyName": "platform"
            }
        ],
        "scalars": {
            "edition_nft_max": "1.00000000",
            "edition_nft_number": "1.00000000",
            "rarity_max": "100.00000000",
            "rarity_score": "50.00000000",
            "video_length": "45.00000000"
        },
        "tags": {
            "Author": "Jack Black"
        },
        "thumbnail": "https://content-images.jambb.com/card-front/29849042-6fc8-4f13-8fa8-6a09501c6ea8.jpg",
        "totalInEdition": "",
        "type": "A.f8d6e0586b0a20c7.Dandy.NFT",
        "uuid": "ID3",
        "views": [
            "checked",
            "checked",
            "checked",
            "checked",
            "checked",
            "checked",
            "checked"
        ]
    },
    "storefront": ""
}`
