`{
    "allowedListingActions": {
        "FindMarketSale": {
            "ftAlias": [
                "Flow"
            ],
            "ftIdentifiers": [
                "A.0ae53cb6e3f42a79.FlowToken.Vault"
            ],
            "listingType": "A.f8d6e0586b0a20c7.FindMarketSale.SaleItem",
            "status": "active"
        }
    },
    "findMarket": {
        "FindMarketSale": {
            "amount": "10.00000000",
            "auction": "",
            "bidder": "",
            "bidderName": "",
            "ftAlias": "Flow",
            "ftTypeIdentifier": "A.0ae53cb6e3f42a79.FlowToken.Vault",
            "listingId": "ID1",
            "listingStatus": "active",
            "listingTypeIdentifier": "A.f8d6e0586b0a20c7.FindMarketSale.SaleItem",
            "listingValidUntil": "101.00000000",
            "nft": "",
            "nftId": "ID1",
            "nftIdentifier": "A.f8d6e0586b0a20c7.Dandy.NFT",
            "saleItemExtraField": {},
            "saleType": "active_listed",
            "seller": "0x179b6b1cb6755e31",
            "sellerName": "user1"
        }
    },
    "nftDetail": {
        "collectionDescription": "Neo Collectibles FIND",
        "collectionName": "user1",
        "data": {
            "A.f8d6e0586b0a20c7.FindViews.CreativeWork": {
                "artist": "Neo",
                "description": "Bringing the motorcycle world into the 21st century with cutting edge EV technology and advanced performance in a great classic British style, all here in the UK",
                "name": "Neo Motorcycle",
                "type": "image"
            },
            "A.f8d6e0586b0a20c7.FindViews.Nounce": {
                "nounce": "1"
            },
            "A.f8d6e0586b0a20c7.MetadataViews.ExternalURL": {
                "url": "https://find.xyz/collection/user1/dandy/ID1"
            },
            "A.f8d6e0586b0a20c7.MetadataViews.Royalties": {
                "cutInfos": [
                    {
                        "cut": "0.05000000",
                        "description": "minter",
                        "receiver": "Capability\u003c\u0026AnyResource{A.ee82856bf20e2aa6.FungibleToken.Receiver}\u003e(address: 0x179b6b1cb6755e31, path: /public/findProfileReceiver)"
                    },
                    {
                        "cut": "0.02500000",
                        "description": "platform",
                        "receiver": "Capability\u003c\u0026AnyResource{A.ee82856bf20e2aa6.FungibleToken.Receiver}\u003e(address: 0xf8d6e0586b0a20c7, path: /public/findProfileReceiver)"
                    }
                ]
            }
        },
        "editionNumber": "2",
        "id": "ID1",
        "media": {
            "https://neomotorcycles.co.uk/assets/img/neo_motorcycle_side.webp": "image/png"
        },
        "name": "Neo Motorcycle 2 of 3",
        "rarity": "",
        "royalties": [
            {
                "address": "0x179b6b1cb6755e31",
                "cut": "0.05000000",
                "findName": "user1",
                "royaltyName": "minter"
            },
            {
                "address": "0xf8d6e0586b0a20c7",
                "cut": "0.02500000",
                "findName": "",
                "royaltyName": "platform"
            }
        ],
        "scalars": {
            "Speed": "100.00000000",
            "edition_set_max": "3.00000000",
            "edition_set_number": "2.00000000"
        },
        "tags": {
            "NeoMotorCycleTag": "Tag1"
        },
        "thumbnail": "https://neomotorcycles.co.uk/assets/img/neo_motorcycle_side.webp",
        "totalInEdition": "3",
        "type": "A.f8d6e0586b0a20c7.Dandy.NFT",
        "uuid": "ID1",
        "views": [
            "A.f8d6e0586b0a20c7.MetadataViews.NFTCollectionData"
        ]
    },
    "storefront": ""
}`
