`{
    "FINDReport": {
        "itemsForSale": {
            "FindMarketAuctionEscrow": {
                "items": [
                    {
                        "amount": 10,
                        "auction": {
                            "currentPrice": 10,
                            "extentionOnLateBid": 60,
                            "minimumBidIncrement": 1,
                            "reservePrice": 15,
                            "startPrice": 10,
                            "timestamp": 1
                        },
                        "ftAlias": "Flow",
                        "ftTypeIdentifier": "A.0ae53cb6e3f42a79.FlowToken.Vault",
                        "listingId": 1503,
                        "listingStatus": "stopped",
                        "listingTypeIdentifier": "A.f8d6e0586b0a20c7.FindMarketAuctionEscrow.SaleItem",
                        "listingValidUntil": 11,
                        "nftId": 1503,
                        "nftIdentifier": "A.f8d6e0586b0a20c7.Dandy.NFT",
                        "saleType": "active_listed",
                        "seller": "0x179b6b1cb6755e31",
                        "sellerName": "user1"
                    },
                    {
                        "amount": 10,
                        "auction": {
                            "currentPrice": 10,
                            "extentionOnLateBid": 60,
                            "minimumBidIncrement": 1,
                            "reservePrice": 15,
                            "startPrice": 10,
                            "timestamp": 1
                        },
                        "ftAlias": "Flow",
                        "ftTypeIdentifier": "A.0ae53cb6e3f42a79.FlowToken.Vault",
                        "listingId": 503,
                        "listingStatus": "stopped",
                        "listingTypeIdentifier": "A.f8d6e0586b0a20c7.FindMarketAuctionEscrow.SaleItem",
                        "listingValidUntil": 11,
                        "nftId": 503,
                        "nftIdentifier": "A.f8d6e0586b0a20c7.Dandy.NFT",
                        "saleType": "active_listed",
                        "seller": "0x179b6b1cb6755e31",
                        "sellerName": "user1"
                    },
                    {
                        "amount": 10,
                        "auction": {
                            "currentPrice": 10,
                            "extentionOnLateBid": 60,
                            "minimumBidIncrement": 1,
                            "reservePrice": 15,
                            "startPrice": 10,
                            "timestamp": 1
                        },
                        "ftAlias": "Flow",
                        "ftTypeIdentifier": "A.0ae53cb6e3f42a79.FlowToken.Vault",
                        "listingId": 1303,
                        "listingStatus": "stopped",
                        "listingTypeIdentifier": "A.f8d6e0586b0a20c7.FindMarketAuctionEscrow.SaleItem",
                        "listingValidUntil": 11,
                        "nftId": 1303,
                        "nftIdentifier": "A.f8d6e0586b0a20c7.Dandy.NFT",
                        "saleType": "active_listed",
                        "seller": "0x179b6b1cb6755e31",
                        "sellerName": "user1"
                    },
                    {
                        "amount": 10,
                        "auction": {
                            "currentPrice": 10,
                            "extentionOnLateBid": 60,
                            "minimumBidIncrement": 1,
                            "reservePrice": 15,
                            "startPrice": 10,
                            "timestamp": 1
                        },
                        "ftAlias": "Flow",
                        "ftTypeIdentifier": "A.0ae53cb6e3f42a79.FlowToken.Vault",
                        "listingId": 1103,
                        "listingStatus": "stopped",
                        "listingTypeIdentifier": "A.f8d6e0586b0a20c7.FindMarketAuctionEscrow.SaleItem",
                        "listingValidUntil": 11,
                        "nftId": 1103,
                        "nftIdentifier": "A.f8d6e0586b0a20c7.Dandy.NFT",
                        "saleType": "active_listed",
                        "seller": "0x179b6b1cb6755e31",
                        "sellerName": "user1"
                    }
                ]
            },
            "FindMarketAuctionSoft": {
                "items": [
                    {
                        "amount": 10,
                        "auction": {
                            "currentPrice": 10,
                            "extentionOnLateBid": 60,
                            "minimumBidIncrement": 1,
                            "reservePrice": 15,
                            "startPrice": 10,
                            "timestamp": 1
                        },
                        "ftAlias": "Flow",
                        "ftTypeIdentifier": "A.0ae53cb6e3f42a79.FlowToken.Vault",
                        "listingId": 1103,
                        "listingStatus": "stopped",
                        "listingTypeIdentifier": "A.f8d6e0586b0a20c7.FindMarketAuctionSoft.SaleItem",
                        "listingValidUntil": 11,
                        "nftId": 1103,
                        "nftIdentifier": "A.f8d6e0586b0a20c7.Dandy.NFT",
                        "saleType": "active_listed",
                        "seller": "0x179b6b1cb6755e31",
                        "sellerName": "user1"
                    },
                    {
                        "amount": 10,
                        "auction": {
                            "currentPrice": 10,
                            "extentionOnLateBid": 60,
                            "minimumBidIncrement": 1,
                            "reservePrice": 15,
                            "startPrice": 10,
                            "timestamp": 1
                        },
                        "ftAlias": "Flow",
                        "ftTypeIdentifier": "A.0ae53cb6e3f42a79.FlowToken.Vault",
                        "listingId": 1503,
                        "listingStatus": "stopped",
                        "listingTypeIdentifier": "A.f8d6e0586b0a20c7.FindMarketAuctionSoft.SaleItem",
                        "listingValidUntil": 11,
                        "nftId": 1503,
                        "nftIdentifier": "A.f8d6e0586b0a20c7.Dandy.NFT",
                        "saleType": "active_listed",
                        "seller": "0x179b6b1cb6755e31",
                        "sellerName": "user1"
                    },
                    {
                        "amount": 10,
                        "auction": {
                            "currentPrice": 10,
                            "extentionOnLateBid": 60,
                            "minimumBidIncrement": 1,
                            "reservePrice": 15,
                            "startPrice": 10,
                            "timestamp": 1
                        },
                        "ftAlias": "Flow",
                        "ftTypeIdentifier": "A.0ae53cb6e3f42a79.FlowToken.Vault",
                        "listingId": 503,
                        "listingStatus": "stopped",
                        "listingTypeIdentifier": "A.f8d6e0586b0a20c7.FindMarketAuctionSoft.SaleItem",
                        "listingValidUntil": 11,
                        "nftId": 503,
                        "nftIdentifier": "A.f8d6e0586b0a20c7.Dandy.NFT",
                        "saleType": "active_listed",
                        "seller": "0x179b6b1cb6755e31",
                        "sellerName": "user1"
                    },
                    {
                        "amount": 10,
                        "auction": {
                            "currentPrice": 10,
                            "extentionOnLateBid": 60,
                            "minimumBidIncrement": 1,
                            "reservePrice": 15,
                            "startPrice": 10,
                            "timestamp": 1
                        },
                        "ftAlias": "Flow",
                        "ftTypeIdentifier": "A.0ae53cb6e3f42a79.FlowToken.Vault",
                        "listingId": 1303,
                        "listingStatus": "stopped",
                        "listingTypeIdentifier": "A.f8d6e0586b0a20c7.FindMarketAuctionSoft.SaleItem",
                        "listingValidUntil": 11,
                        "nftId": 1303,
                        "nftIdentifier": "A.f8d6e0586b0a20c7.Dandy.NFT",
                        "saleType": "active_listed",
                        "seller": "0x179b6b1cb6755e31",
                        "sellerName": "user1"
                    }
                ]
            },
            "FindMarketDirectOfferEscrow": {
                "items": [
                    {
                        "amount": 10,
                        "bidder": "0xf3fcd2c1a78f5eee",
                        "bidderName": "user2",
                        "ftAlias": "Flow",
                        "ftTypeIdentifier": "A.0ae53cb6e3f42a79.FlowToken.Vault",
                        "listingId": 1302,
                        "listingStatus": "stopped",
                        "listingTypeIdentifier": "A.f8d6e0586b0a20c7.FindMarketDirectOfferEscrow.SaleItem",
                        "listingValidUntil": 101,
                        "nftId": 1302,
                        "nftIdentifier": "A.f8d6e0586b0a20c7.Dandy.NFT",
                        "saleType": "active_ongoing",
                        "seller": "0x179b6b1cb6755e31",
                        "sellerName": "user1"
                    },
                    {
                        "amount": 10,
                        "bidder": "0xf3fcd2c1a78f5eee",
                        "bidderName": "user2",
                        "ftAlias": "Flow",
                        "ftTypeIdentifier": "A.0ae53cb6e3f42a79.FlowToken.Vault",
                        "listingId": 502,
                        "listingStatus": "stopped",
                        "listingTypeIdentifier": "A.f8d6e0586b0a20c7.FindMarketDirectOfferEscrow.SaleItem",
                        "listingValidUntil": 101,
                        "nftId": 502,
                        "nftIdentifier": "A.f8d6e0586b0a20c7.Dandy.NFT",
                        "saleType": "active_ongoing",
                        "seller": "0x179b6b1cb6755e31",
                        "sellerName": "user1"
                    },
                    {
                        "amount": 10,
                        "bidder": "0xf3fcd2c1a78f5eee",
                        "bidderName": "user2",
                        "ftAlias": "Flow",
                        "ftTypeIdentifier": "A.0ae53cb6e3f42a79.FlowToken.Vault",
                        "listingId": 1102,
                        "listingStatus": "stopped",
                        "listingTypeIdentifier": "A.f8d6e0586b0a20c7.FindMarketDirectOfferEscrow.SaleItem",
                        "listingValidUntil": 101,
                        "nftId": 1102,
                        "nftIdentifier": "A.f8d6e0586b0a20c7.Dandy.NFT",
                        "saleType": "active_ongoing",
                        "seller": "0x179b6b1cb6755e31",
                        "sellerName": "user1"
                    }
                ]
            },
            "FindMarketDirectOfferSoft": {
                "items": [
                    {
                        "amount": 10,
                        "bidder": "0xf3fcd2c1a78f5eee",
                        "bidderName": "user2",
                        "ftAlias": "Flow",
                        "ftTypeIdentifier": "A.0ae53cb6e3f42a79.FlowToken.Vault",
                        "listingId": 502,
                        "listingStatus": "stopped",
                        "listingTypeIdentifier": "A.f8d6e0586b0a20c7.FindMarketDirectOfferSoft.SaleItem",
                        "listingValidUntil": 101,
                        "nftId": 502,
                        "nftIdentifier": "A.f8d6e0586b0a20c7.Dandy.NFT",
                        "saleType": "active_ongoing",
                        "seller": "0x179b6b1cb6755e31",
                        "sellerName": "user1"
                    },
                    {
                        "amount": 10,
                        "bidder": "0xf3fcd2c1a78f5eee",
                        "bidderName": "user2",
                        "ftAlias": "Flow",
                        "ftTypeIdentifier": "A.0ae53cb6e3f42a79.FlowToken.Vault",
                        "listingId": 1502,
                        "listingStatus": "stopped",
                        "listingTypeIdentifier": "A.f8d6e0586b0a20c7.FindMarketDirectOfferSoft.SaleItem",
                        "listingValidUntil": 101,
                        "nftId": 1502,
                        "nftIdentifier": "A.f8d6e0586b0a20c7.Dandy.NFT",
                        "saleType": "active_ongoing",
                        "seller": "0x179b6b1cb6755e31",
                        "sellerName": "user1"
                    },
                    {
                        "amount": 10,
                        "bidder": "0xf3fcd2c1a78f5eee",
                        "bidderName": "user2",
                        "ftAlias": "Flow",
                        "ftTypeIdentifier": "A.0ae53cb6e3f42a79.FlowToken.Vault",
                        "listingId": 1102,
                        "listingStatus": "stopped",
                        "listingTypeIdentifier": "A.f8d6e0586b0a20c7.FindMarketDirectOfferSoft.SaleItem",
                        "listingValidUntil": 101,
                        "nftId": 1102,
                        "nftIdentifier": "A.f8d6e0586b0a20c7.Dandy.NFT",
                        "saleType": "active_ongoing",
                        "seller": "0x179b6b1cb6755e31",
                        "sellerName": "user1"
                    },
                    {
                        "amount": 10,
                        "bidder": "0xf3fcd2c1a78f5eee",
                        "bidderName": "user2",
                        "ftAlias": "Flow",
                        "ftTypeIdentifier": "A.0ae53cb6e3f42a79.FlowToken.Vault",
                        "listingId": 1302,
                        "listingStatus": "stopped",
                        "listingTypeIdentifier": "A.f8d6e0586b0a20c7.FindMarketDirectOfferSoft.SaleItem",
                        "listingValidUntil": 101,
                        "nftId": 1302,
                        "nftIdentifier": "A.f8d6e0586b0a20c7.Dandy.NFT",
                        "saleType": "active_ongoing",
                        "seller": "0x179b6b1cb6755e31",
                        "sellerName": "user1"
                    }
                ]
            },
            "FindMarketSale": {
                "items": [
                    {
                        "amount": 10,
                        "ftAlias": "Flow",
                        "ftTypeIdentifier": "A.0ae53cb6e3f42a79.FlowToken.Vault",
                        "listingId": 703,
                        "listingStatus": "stopped",
                        "listingTypeIdentifier": "A.f8d6e0586b0a20c7.FindMarketSale.SaleItem",
                        "listingValidUntil": 101,
                        "nftId": 703,
                        "nftIdentifier": "A.f8d6e0586b0a20c7.Dandy.NFT",
                        "saleType": "active_listed",
                        "seller": "0x179b6b1cb6755e31",
                        "sellerName": "user1"
                    },
                    {
                        "amount": 10,
                        "ftAlias": "Flow",
                        "ftTypeIdentifier": "A.0ae53cb6e3f42a79.FlowToken.Vault",
                        "listingId": 903,
                        "listingStatus": "stopped",
                        "listingTypeIdentifier": "A.f8d6e0586b0a20c7.FindMarketSale.SaleItem",
                        "listingValidUntil": 101,
                        "nftId": 903,
                        "nftIdentifier": "A.f8d6e0586b0a20c7.Dandy.NFT",
                        "saleType": "active_listed",
                        "seller": "0x179b6b1cb6755e31",
                        "sellerName": "user1"
                    },
                    {
                        "amount": 10,
                        "ftAlias": "Flow",
                        "ftTypeIdentifier": "A.0ae53cb6e3f42a79.FlowToken.Vault",
                        "listingId": 503,
                        "listingStatus": "stopped",
                        "listingTypeIdentifier": "A.f8d6e0586b0a20c7.FindMarketSale.SaleItem",
                        "listingValidUntil": 101,
                        "nftId": 503,
                        "nftIdentifier": "A.f8d6e0586b0a20c7.Dandy.NFT",
                        "saleType": "active_listed",
                        "seller": "0x179b6b1cb6755e31",
                        "sellerName": "user1"
                    },
                    {
                        "amount": 10,
                        "ftAlias": "Flow",
                        "ftTypeIdentifier": "A.0ae53cb6e3f42a79.FlowToken.Vault",
                        "listingId": 1503,
                        "listingStatus": "stopped",
                        "listingTypeIdentifier": "A.f8d6e0586b0a20c7.FindMarketSale.SaleItem",
                        "listingValidUntil": 101,
                        "nftId": 1503,
                        "nftIdentifier": "A.f8d6e0586b0a20c7.Dandy.NFT",
                        "saleType": "active_listed",
                        "seller": "0x179b6b1cb6755e31",
                        "sellerName": "user1"
                    },
                    {
                        "amount": 10,
                        "ftAlias": "Flow",
                        "ftTypeIdentifier": "A.0ae53cb6e3f42a79.FlowToken.Vault",
                        "listingId": 1103,
                        "listingStatus": "stopped",
                        "listingTypeIdentifier": "A.f8d6e0586b0a20c7.FindMarketSale.SaleItem",
                        "listingValidUntil": 101,
                        "nftId": 1103,
                        "nftIdentifier": "A.f8d6e0586b0a20c7.Dandy.NFT",
                        "saleType": "active_listed",
                        "seller": "0x179b6b1cb6755e31",
                        "sellerName": "user1"
                    },
                    {
                        "amount": 10,
                        "ftAlias": "Flow",
                        "ftTypeIdentifier": "A.0ae53cb6e3f42a79.FlowToken.Vault",
                        "listingId": 1303,
                        "listingStatus": "stopped",
                        "listingTypeIdentifier": "A.f8d6e0586b0a20c7.FindMarketSale.SaleItem",
                        "listingValidUntil": 101,
                        "nftId": 1303,
                        "nftIdentifier": "A.f8d6e0586b0a20c7.Dandy.NFT",
                        "saleType": "active_listed",
                        "seller": "0x179b6b1cb6755e31",
                        "sellerName": "user1"
                    },
                    {
                        "amount": 10,
                        "ftAlias": "Flow",
                        "ftTypeIdentifier": "A.0ae53cb6e3f42a79.FlowToken.Vault",
                        "listingId": 303,
                        "listingStatus": "stopped",
                        "listingTypeIdentifier": "A.f8d6e0586b0a20c7.FindMarketSale.SaleItem",
                        "listingValidUntil": 101,
                        "nftId": 303,
                        "nftIdentifier": "A.f8d6e0586b0a20c7.Dandy.NFT",
                        "saleType": "active_listed",
                        "seller": "0x179b6b1cb6755e31",
                        "sellerName": "user1"
                    }
                ]
            }
        },
        "leases": [
            {
                "addons": [
                    "forge"
                ],
                "address": "0x179b6b1cb6755e31",
                "cost": 5,
                "currentTime": 1,
                "extensionOnLateBid": 300,
                "lockedUntil": 39312001,
                "name": "klktn",
                "status": "TAKEN",
                "validUntil": 31536001
            },
            {
                "addons": [
                    "forge"
                ],
                "address": "0x179b6b1cb6755e31",
                "cost": 5,
                "currentTime": 1,
                "extensionOnLateBid": 300,
                "lockedUntil": 39312001,
                "name": "xtingles",
                "status": "TAKEN",
                "validUntil": 31536001
            },
            {
                "addons": [
                    "forge"
                ],
                "address": "0x179b6b1cb6755e31",
                "cost": 5,
                "currentTime": 1,
                "extensionOnLateBid": 300,
                "lockedUntil": 39312001,
                "name": "bitku",
                "status": "TAKEN",
                "validUntil": 31536001
            },
            {
                "addons": [
                    "forge"
                ],
                "address": "0x179b6b1cb6755e31",
                "cost": 5,
                "currentTime": 1,
                "extensionOnLateBid": 300,
                "lockedUntil": 39312001,
                "name": "ufcstrike",
                "status": "TAKEN",
                "validUntil": 31536001
            },
            {
                "addons": [
                    "forge"
                ],
                "address": "0x179b6b1cb6755e31",
                "cost": 5,
                "currentTime": 1,
                "extensionOnLateBid": 300,
                "lockedUntil": 39312001,
                "name": "flovatar",
                "status": "TAKEN",
                "validUntil": 31536001
            },
            {
                "addons": [
                    "forge"
                ],
                "address": "0x179b6b1cb6755e31",
                "cost": 5,
                "currentTime": 1,
                "extensionOnLateBid": 300,
                "lockedUntil": 39312001,
                "name": "goatedgoats",
                "status": "TAKEN",
                "validUntil": 31536001
            },
            {
                "addons": [
                    "forge"
                ],
                "address": "0x179b6b1cb6755e31",
                "cost": 5,
                "currentTime": 1,
                "extensionOnLateBid": 300,
                "lockedUntil": 39312001,
                "name": "jambb",
                "status": "TAKEN",
                "validUntil": 31536001
            },
            {
                "addons": [
                    "forge"
                ],
                "address": "0x179b6b1cb6755e31",
                "cost": 5,
                "currentTime": 1,
                "extensionOnLateBid": 300,
                "lockedUntil": 39312001,
                "name": "neomotorcycle",
                "status": "TAKEN",
                "validUntil": 31536001
            },
            {
                "addons": [
                    "forge"
                ],
                "address": "0x179b6b1cb6755e31",
                "cost": 5,
                "currentTime": 1,
                "extensionOnLateBid": 300,
                "lockedUntil": 39312001,
                "name": "user1",
                "status": "TAKEN",
                "validUntil": 31536001
            }
        ],
        "privateMode": false,
        "profile": {
            "address": "0x179b6b1cb6755e31",
            "allowStoringFollowers": true,
            "avatar": "https://find.xyz/assets/img/avatars/avatar14.png",
            "createdAt": "find",
            "findName": "user1",
            "name": "user1",
            "wallets": [
                {
                    "accept": "A.0ae53cb6e3f42a79.FlowToken.Vault",
                    "balance": 99.9998201,
                    "name": "Flow",
                    "tags": [
                        "flow"
                    ]
                },
                {
                    "accept": "A.f8d6e0586b0a20c7.FUSD.Vault",
                    "balance": 505,
                    "name": "FUSD",
                    "tags": [
                        "fusd",
                        "stablecoin"
                    ]
                },
                {
                    "accept": "A.f8d6e0586b0a20c7.FiatToken.Vault",
                    "balance": 1000,
                    "name": "USDC",
                    "tags": [
                        "usdc",
                        "stablecoin"
                    ]
                }
            ]
        }
    },
    "NameReport": {
        "cost": 5,
        "status": "TAKEN"
    }
}`
