`{
    "FindMarketAuctionEscrow": [
        "A.f8d6e0586b0a20c7.Dandy.NFT"
    ],
    "FindMarketAuctionSoft": [
        "A.f8d6e0586b0a20c7.Dandy.NFT"
    ],
    "FindMarketDirectOfferEscrow": null,
    "FindMarketDirectOfferSoft": null,
    "FindMarketSale": [
        "A.f8d6e0586b0a20c7.Dandy.NFT"
    ]
}`
