`{
    "allowedListingActions": {
        "FindMarketAuctionEscrow": {
            "ftAlias": [
                "Flow"
            ],
            "ftIdentifiers": [
                "A.0ae53cb6e3f42a79.FlowToken.Vault"
            ],
            "listingType": "A.f8d6e0586b0a20c7.FindMarketAuctionEscrow.SaleItem",
            "status": "active"
        },
        "FindMarketAuctionSoft": {
            "ftAlias": [
                "Flow"
            ],
            "ftIdentifiers": [
                "A.0ae53cb6e3f42a79.FlowToken.Vault"
            ],
            "listingType": "A.f8d6e0586b0a20c7.FindMarketAuctionSoft.SaleItem",
            "status": "active"
        },
        "FindMarketDirectOfferEscrow": {
            "ftAlias": [
                "Flow"
            ],
            "ftIdentifiers": [
                "A.0ae53cb6e3f42a79.FlowToken.Vault"
            ],
            "listingType": "A.f8d6e0586b0a20c7.FindMarketDirectOfferEscrow.SaleItem",
            "status": "active"
        },
        "FindMarketDirectOfferSoft": {
            "ftAlias": [
                "Flow"
            ],
            "ftIdentifiers": [
                "A.0ae53cb6e3f42a79.FlowToken.Vault"
            ],
            "listingType": "A.f8d6e0586b0a20c7.FindMarketDirectOfferSoft.SaleItem",
            "status": "active"
        },
        "FindMarketSale": {
            "ftAlias": [
                "Flow"
            ],
            "ftIdentifiers": [
                "A.0ae53cb6e3f42a79.FlowToken.Vault"
            ],
            "listingType": "A.f8d6e0586b0a20c7.FindMarketSale.SaleItem",
            "status": "active"
        }
    },
    "findMarket": {},
    "nftDetail": {
        "collectionDescription": "ufc strike FIND",
        "collectionName": "ufcstrike",
        "data": {},
        "editionNumber": "",
        "id": "ID2",
        "media": {
            "ipfs://QmdDJUobzSaFfg8PwZZcCB3cPwbZ8pthRf1x6XiR9xwS3U": "video/mp4",
            "ipfs://QmeDLGnYNyunkTjd23yx36sHviWyR9L2shHshjwe1qBCqR": "image;display=thumbnail"
        },
        "name": "ufcstrike 1 of 1",
        "rarity": "rare",
        "royalties": [
            {
                "address": "0x179b6b1cb6755e31",
                "cut": "0.05000000",
                "findName": "user1",
                "royaltyName": "minter"
            },
            {
                "address": "0xf8d6e0586b0a20c7",
                "cut": "0.02500000",
                "findName": "",
                "royaltyName": "platform"
            }
        ],
        "scalars": {
            "Reach": "120.00000000",
            "edition_nft_max": "1.00000000",
            "edition_nft_number": "1.00000000",
            "rarity_max": "100.00000000",
            "rarity_score": "50.00000000"
        },
        "tags": {
            "Signature_move": "Rare naked choke"
        },
        "thumbnail": "ipfs://QmeDLGnYNyunkTjd23yx36sHviWyR9L2shHshjwe1qBCqR",
        "totalInEdition": "",
        "type": "A.f8d6e0586b0a20c7.Dandy.NFT",
        "uuid": "ID2",
        "views": [
            "checked",
            "checked",
            "checked",
            "checked",
            "checked",
            "checked",
            "checked"
        ]
    },
    "storefront": ""
}`
