`{
    "allowedListingActions": {
        "FindMarketSale": {
            "ListingDetails": [
                {
                    "ftAlias": "Flow",
                    "ftIdentifier": "A.0ae53cb6e3f42a79.FlowToken.Vault",
                    "royalties": [
                        {
                            "address": "0x179b6b1cb6755e31",
                            "cut": 0.025,
                            "royaltyName": "find"
                        },
                        {
                            "address": "0x120e725050340cab",
                            "cut": 0.05,
                            "findName": "user1",
                            "royaltyName": "creator"
                        },
                        {
                            "address": "0x179b6b1cb6755e31",
                            "cut": 0.025,
                            "royaltyName": "find forge"
                        }
                    ]
                },
                {
                    "ftIdentifier": "A.01cf0e2f2f715450.FlowUtilityToken.Vault",
                    "royalties": [
                        {
                            "address": "0xf3fcd2c1a78f5eee",
                            "cut": 0.025,
                            "royaltyName": "find"
                        },
                        {
                            "address": "0x120e725050340cab",
                            "cut": 0.05,
                            "findName": "user1",
                            "royaltyName": "creator"
                        },
                        {
                            "address": "0x179b6b1cb6755e31",
                            "cut": 0.025,
                            "royaltyName": "find forge"
                        }
                    ]
                }
            ],
            "ftAlias": [
                "Flow"
            ],
            "ftIdentifiers": [
                "A.0ae53cb6e3f42a79.FlowToken.Vault",
                "A.01cf0e2f2f715450.FlowUtilityToken.Vault"
            ],
            "listingType": "A.179b6b1cb6755e31.FindMarketSale.SaleItem",
            "status": "active"
        }
    },
    "findMarket": {
        "FindMarketSale": {
            "amount": 10,
            "ftAlias": "Flow",
            "ftTypeIdentifier": "A.0ae53cb6e3f42a79.FlowToken.Vault",
            "listingId": 603,
            "listingStatus": "active",
            "listingTypeIdentifier": "A.179b6b1cb6755e31.FindMarketSale.SaleItem",
            "listingValidUntil": 101,
            "nftId": 603,
            "nftIdentifier": "A.179b6b1cb6755e31.Dandy.NFT",
            "saleType": "active_listed",
            "seller": "0x120e725050340cab",
            "sellerName": "user1"
        }
    },
    "linkedForMarket": true,
    "nftDetail": {
        "collection": {
            "bannerImage": {
                "https://neomotorcycles.co.uk/assets/img/neo-logo-web-dark.png?h=5a4d226197291f5f6370e79a1ee656a1": "image"
            },
            "description": "Neo Collectibles FIND",
            "externalURL": "https://neomotorcycles.co.uk/index.html",
            "name": "user1",
            "socials": {
                "Discord": "discord.gg/",
                "Twitter": "https://twitter.com/home"
            },
            "squareImage": {
                "https://neomotorcycles.co.uk/assets/img/neo_motorcycle_side.webp": "image"
            }
        },
        "data": {
            "CreativeWork": {
                "artist": "Neo",
                "description": "Bringing the motorcycle world into the 21st century with cutting edge EV technology and advanced performance in a great classic British style, all here in the UK",
                "name": "Neo Motorcycle",
                "type": "image"
            },
            "Nounce": {
                "nounce": 1
            },
            "Royalties": {
                "cutInfos": [
                    {
                        "cut": 0.05,
                        "description": "creator",
                        "receiver": "Capability\u003c\u0026AnyResource{A.ee82856bf20e2aa6.FungibleToken.Receiver}\u003e(address: 0x120e725050340cab, path: /public/findProfileReceiver)"
                    },
                    {
                        "cut": 0.025,
                        "description": "find forge",
                        "receiver": "Capability\u003c\u0026AnyResource{A.ee82856bf20e2aa6.FungibleToken.Receiver}\u003e(address: 0x179b6b1cb6755e31, path: /public/findProfileReceiver)"
                    }
                ]
            }
        },
        "description": "Bringing the motorcycle world into the 21st century with cutting edge EV technology and advanced performance in a great classic British style, all here in the UK",
        "editions": [
            {
                "max": 3,
                "number": 2
            },
            {
                "max": 3,
                "name": "set",
                "number": 2
            }
        ],
        "externalViewURL": "https://find.xyz/collection/user1/dandy/ID1",
        "id": 603,
        "media": {
            "https://neomotorcycles.co.uk/assets/img/neo_motorcycle_side.webp": "image/png"
        },
        "name": "Neo Motorcycle 2 of 3",
        "soulBounded": false,
        "thumbnail": "https://neomotorcycles.co.uk/assets/img/neo_motorcycle_side.webp",
        "traits": [
            {
                "displayType": "String",
                "name": "NeoMotorCycleTag",
                "value": "Tag1"
            },
            {
                "displayType": "Numeric",
                "name": "Speed",
                "value": 100
            },
            {
                "displayType": "Date",
                "name": "Birthday",
                "value": 1660145023
            }
        ],
        "type": "A.179b6b1cb6755e31.Dandy.NFT",
        "uuid": 603,
        "views": [
            "A.f8d6e0586b0a20c7.MetadataViews.NFTCollectionData"
        ]
    }
}`
