`{
    "allowedListingActions": {
        "FindMarketAuctionEscrow": {
            "ftAlias": [
                "Flow"
            ],
            "ftIdentifiers": [
                "A.0ae53cb6e3f42a79.FlowToken.Vault"
            ],
            "listingType": "A.f8d6e0586b0a20c7.FindMarketAuctionEscrow.SaleItem",
            "status": "active"
        },
        "FindMarketAuctionSoft": {
            "ftAlias": [
                "Flow"
            ],
            "ftIdentifiers": [
                "A.0ae53cb6e3f42a79.FlowToken.Vault"
            ],
            "listingType": "A.f8d6e0586b0a20c7.FindMarketAuctionSoft.SaleItem",
            "status": "active"
        },
        "FindMarketDirectOfferEscrow": {
            "ftAlias": [
                "Flow"
            ],
            "ftIdentifiers": [
                "A.0ae53cb6e3f42a79.FlowToken.Vault"
            ],
            "listingType": "A.f8d6e0586b0a20c7.FindMarketDirectOfferEscrow.SaleItem",
            "status": "active"
        },
        "FindMarketDirectOfferSoft": {
            "ftAlias": [
                "Flow"
            ],
            "ftIdentifiers": [
                "A.0ae53cb6e3f42a79.FlowToken.Vault"
            ],
            "listingType": "A.f8d6e0586b0a20c7.FindMarketDirectOfferSoft.SaleItem",
            "status": "active"
        },
        "FindMarketSale": {
            "ftAlias": [
                "Flow"
            ],
            "ftIdentifiers": [
                "A.0ae53cb6e3f42a79.FlowToken.Vault"
            ],
            "listingType": "A.f8d6e0586b0a20c7.FindMarketSale.SaleItem",
            "status": "active"
        }
    },
    "findMarket": {},
    "nftDetail": {
        "collectionDescription": "flovatar FIND",
        "collectionName": "flovatar",
        "data": {},
        "editionNumber": "",
        "id": "168",
        "media": [
            {
                "file": {
                    "url": "https://flovatar.com/api/image/166"
                },
                "mediaType": "image/svg"
            }
        ],
        "name": "flovatar 1 of 1",
        "rarity": "rare",
        "royalties": [
            {
                "address": "0x179b6b1cb6755e31",
                "cut": "0.05000000",
                "findName": "user1",
                "royaltyName": "artist"
            },
            {
                "address": "0xf8d6e0586b0a20c7",
                "cut": "0.02500000",
                "findName": "",
                "royaltyName": "platform"
            }
        ],
        "scalars": {
            "edition_nft_max": "1.00000000",
            "edition_nft_number": "1.00000000",
            "id": "166.00000000",
            "rarity score": "2.20000000"
        },
        "tags": {
            "flovatar Tag": "Tag1"
        },
        "thumbnail": "https://flovatar.com/api/image/166",
        "totalInEdition": "",
        "type": "A.f8d6e0586b0a20c7.Dandy.NFT",
        "uuid": "168",
        "views": [
            "A.f8d6e0586b0a20c7.FindViews.Nounce",
            "A.f8d6e0586b0a20c7.MetadataViews.NFTCollectionData",
            "A.f8d6e0586b0a20c7.MetadataViews.Royalties",
            "A.f8d6e0586b0a20c7.FindViews.CreativeWork",
            "A.f8d6e0586b0a20c7.MetadataViews.Media",
            "A.f8d6e0586b0a20c7.MetadataViews.ExternalURL"
        ]
    },
    "storefront": ""
}`
