`map[string]interface {}{
  "storefront": map[string]interface {}{
    "amount": 10.0,
    "cuts": []interface {}{
      map[string]interface {}{
        "address": "0xf669cb8d41ce0c74",
        "amount": 10.0,
        "findName": "user1",
      },
    },
    "ftTypeIdentifier": "A.0ae53cb6e3f42a79.FlowToken.Vault",
    "listingId": 1208,
    "nftId": 1203,
    "nftIdentifier": "A.179b6b1cb6755e31.Dandy.NFT",
  },
}`
