`{
    "FINDReport": {
        "bids": null,
        "itemsForSale": {
            "FindMarketAuctionEscrow": {
                "ghosts": null,
                "items": [
                    {
                        "amount": "10.00000000",
                        "auction": {
                            "auctionEndsAt": "",
                            "currentPrice": "10.00000000",
                            "extentionOnLateBid": "60.00000000",
                            "minimumBidIncrement": "1.00000000",
                            "reservePrice": "15.00000000",
                            "startPrice": "10.00000000",
                            "timestamp": "1.00000000"
                        },
                        "bidder": "",
                        "bidderName": "",
                        "ftAlias": "Flow",
                        "ftTypeIdentifier": "A.0ae53cb6e3f42a79.FlowToken.Vault",
                        "listingId": "134",
                        "listingStatus": "active",
                        "listingTypeIdentifier": "A.f8d6e0586b0a20c7.FindMarketAuctionEscrow.SaleItem",
                        "listingValidUntil": "10.00000000",
                        "nft": {
                            "collectionDescription": "Neo Collectibles FIND",
                            "collectionName": "user1",
                            "editionNumber": "2",
                            "id": "134",
                            "name": "Neo Motorcycle 2 of 3",
                            "rarity": "",
                            "scalars": {
                                "Speed": "100.00000000",
                                "edition_set_max": "3.00000000",
                                "edition_set_number": "2.00000000"
                            },
                            "tags": {
                                "NeoMotorCycleTag": "Tag1"
                            },
                            "thumbnail": "https://neomotorcycles.co.uk/assets/img/neo_motorcycle_side.webp",
                            "totalInEdition": "3",
                            "type": "A.f8d6e0586b0a20c7.Dandy.NFT"
                        },
                        "nftId": "134",
                        "nftIdentifier": "A.f8d6e0586b0a20c7.Dandy.NFT",
                        "saleItemExtraField": {},
                        "saleType": "active_listed",
                        "seller": "0x179b6b1cb6755e31",
                        "sellerName": "user1"
                    }
                ]
            },
            "FindMarketDirectOfferSoft": {
                "ghosts": [
                    {
                        "id": "133",
                        "listingTypeIdentifier": "A.f8d6e0586b0a20c7.FindMarketDirectOfferSoft.SaleItem"
                    }
                ],
                "items": null
            }
        },
        "leases": [
            {
                "addons": [
                    "forge"
                ],
                "address": "0x179b6b1cb6755e31",
                "auctionEnds": "",
                "auctionReservePrice": "",
                "auctionStartPrice": "",
                "cost": "5.00000000",
                "currentTime": "1.00000000",
                "extensionOnLateBid": "300.00000000",
                "latestBid": "",
                "latestBidBy": "",
                "lockedUntil": "39312001.00000000",
                "name": "user1",
                "salePrice": "",
                "status": "TAKEN",
                "validUntil": "31536001.00000000"
            }
        ],
        "marketBids": {},
        "privateMode": "false",
        "profile": {
            "address": "0x179b6b1cb6755e31",
            "allowStoringFollowers": "true",
            "avatar": "https://find.xyz/assets/img/avatars/avatar14.png",
            "createdAt": "find",
            "description": "",
            "findName": "user1",
            "followers": null,
            "following": null,
            "gender": "",
            "links": {},
            "name": "user1",
            "tags": null,
            "wallets": [
                {
                    "accept": "A.0ae53cb6e3f42a79.FlowToken.Vault",
                    "balance": "109.50100000",
                    "name": "Flow",
                    "tags": [
                        "flow"
                    ]
                },
                {
                    "accept": "A.f8d6e0586b0a20c7.FUSD.Vault",
                    "balance": "45.00000000",
                    "name": "FUSD",
                    "tags": [
                        "fusd",
                        "stablecoin"
                    ]
                },
                {
                    "accept": "A.f8d6e0586b0a20c7.FiatToken.Vault",
                    "balance": "100.00000000",
                    "name": "USDC",
                    "tags": [
                        "usdc",
                        "stablecoin"
                    ]
                }
            ]
        },
        "relatedAccounts": {}
    },
    "NameReport": {
        "cost": "5.00000000",
        "status": "TAKEN"
    }
}`
