`{
    "allowedListingActions": {
        "FindMarketAuctionEscrow": {
            "ListingDetails": [
                {
                    "ftAlias": "Flow",
                    "ftIdentifier": "A.0ae53cb6e3f42a79.FlowToken.Vault",
                    "royalties": [
                        {
                            "address": "0xf8d6e0586b0a20c7",
                            "cut": 0.025,
                            "royaltyName": "find"
                        },
                        {
                            "address": "0x179b6b1cb6755e31",
                            "cut": 0.05,
                            "findName": "user1",
                            "royaltyName": "minter"
                        },
                        {
                            "address": "0xf8d6e0586b0a20c7",
                            "cut": 0.025,
                            "royaltyName": "find forge"
                        }
                    ]
                }
            ],
            "ftAlias": [
                "Flow"
            ],
            "ftIdentifiers": [
                "A.0ae53cb6e3f42a79.FlowToken.Vault"
            ],
            "listingType": "A.f8d6e0586b0a20c7.FindMarketAuctionEscrow.SaleItem",
            "status": "active"
        },
        "FindMarketAuctionSoft": {
            "ListingDetails": [
                {
                    "ftAlias": "Flow",
                    "ftIdentifier": "A.0ae53cb6e3f42a79.FlowToken.Vault",
                    "royalties": [
                        {
                            "address": "0xf8d6e0586b0a20c7",
                            "cut": 0.025,
                            "royaltyName": "find"
                        },
                        {
                            "address": "0x179b6b1cb6755e31",
                            "cut": 0.05,
                            "findName": "user1",
                            "royaltyName": "minter"
                        },
                        {
                            "address": "0xf8d6e0586b0a20c7",
                            "cut": 0.025,
                            "royaltyName": "find forge"
                        }
                    ]
                }
            ],
            "ftAlias": [
                "Flow"
            ],
            "ftIdentifiers": [
                "A.0ae53cb6e3f42a79.FlowToken.Vault"
            ],
            "listingType": "A.f8d6e0586b0a20c7.FindMarketAuctionSoft.SaleItem",
            "status": "active"
        },
        "FindMarketDirectOfferEscrow": {
            "ListingDetails": [
                {
                    "ftAlias": "Flow",
                    "ftIdentifier": "A.0ae53cb6e3f42a79.FlowToken.Vault",
                    "royalties": [
                        {
                            "address": "0xf8d6e0586b0a20c7",
                            "cut": 0.025,
                            "royaltyName": "find"
                        },
                        {
                            "address": "0x179b6b1cb6755e31",
                            "cut": 0.05,
                            "findName": "user1",
                            "royaltyName": "minter"
                        },
                        {
                            "address": "0xf8d6e0586b0a20c7",
                            "cut": 0.025,
                            "royaltyName": "find forge"
                        }
                    ]
                }
            ],
            "ftAlias": [
                "Flow"
            ],
            "ftIdentifiers": [
                "A.0ae53cb6e3f42a79.FlowToken.Vault"
            ],
            "listingType": "A.f8d6e0586b0a20c7.FindMarketDirectOfferEscrow.SaleItem",
            "status": "active"
        },
        "FindMarketDirectOfferSoft": {
            "ListingDetails": [
                {
                    "ftAlias": "Flow",
                    "ftIdentifier": "A.0ae53cb6e3f42a79.FlowToken.Vault",
                    "royalties": [
                        {
                            "address": "0xf8d6e0586b0a20c7",
                            "cut": 0.025,
                            "royaltyName": "find"
                        },
                        {
                            "address": "0x179b6b1cb6755e31",
                            "cut": 0.05,
                            "findName": "user1",
                            "royaltyName": "minter"
                        },
                        {
                            "address": "0xf8d6e0586b0a20c7",
                            "cut": 0.025,
                            "royaltyName": "find forge"
                        }
                    ]
                }
            ],
            "ftAlias": [
                "Flow"
            ],
            "ftIdentifiers": [
                "A.0ae53cb6e3f42a79.FlowToken.Vault"
            ],
            "listingType": "A.f8d6e0586b0a20c7.FindMarketDirectOfferSoft.SaleItem",
            "status": "active"
        },
        "FindMarketSale": {
            "ListingDetails": [
                {
                    "ftAlias": "Flow",
                    "ftIdentifier": "A.0ae53cb6e3f42a79.FlowToken.Vault",
                    "royalties": [
                        {
                            "address": "0xf8d6e0586b0a20c7",
                            "cut": 0.025,
                            "royaltyName": "find"
                        },
                        {
                            "address": "0x179b6b1cb6755e31",
                            "cut": 0.05,
                            "findName": "user1",
                            "royaltyName": "minter"
                        },
                        {
                            "address": "0xf8d6e0586b0a20c7",
                            "cut": 0.025,
                            "royaltyName": "find forge"
                        }
                    ]
                }
            ],
            "ftAlias": [
                "Flow"
            ],
            "ftIdentifiers": [
                "A.0ae53cb6e3f42a79.FlowToken.Vault"
            ],
            "listingType": "A.f8d6e0586b0a20c7.FindMarketSale.SaleItem",
            "status": "active"
        }
    },
    "nftDetail": {
        "collectionDescription": "xtingle FIND",
        "collectionName": "xtingles",
        "id": 954,
        "media": {
            "https://nft.blocto.app/xtingles/preview-xBloctopus.png": "image/png;display=thumbnail",
            "https://nft.blocto.app/xtingles/xBloctopus.mp4": "video/mp4"
        },
        "name": "xtingle 1 of 1",
        "rarity": "rare",
        "scalars": {
            "edition_nft_max": 1,
            "edition_nft_number": 1,
            "rarity_max": 100,
            "rarity_score": 50,
            "video_length": 27
        },
        "tags": {
            "Author": "Xtingels"
        },
        "thumbnail": "https://nft.blocto.app/xtingles/preview-xBloctopus.png",
        "type": "A.f8d6e0586b0a20c7.Dandy.NFT",
        "uuid": 954,
        "views": [
            "checked",
            "checked",
            "checked",
            "checked",
            "checked",
            "checked",
            "checked"
        ]
    }
}`
