`{
    "allowedListingActions": {
        "FindMarketAuctionEscrow": {
            "ListingDetails": [
                {
                    "ftAlias": "Flow",
                    "ftIdentifier": "A.0ae53cb6e3f42a79.FlowToken.Vault",
                    "royalties": [
                        {
                            "address": "0x179b6b1cb6755e31",
                            "cut": 0.025,
                            "royaltyName": "find"
                        },
                        {
                            "address": "0xf669cb8d41ce0c74",
                            "cut": 0.05,
                            "findName": "user1",
                            "royaltyName": "creator"
                        },
                        {
                            "address": "0x179b6b1cb6755e31",
                            "cut": 0.025,
                            "royaltyName": "find forge"
                        }
                    ]
                }
            ],
            "ftAlias": [
                "Flow"
            ],
            "ftIdentifiers": [
                "A.0ae53cb6e3f42a79.FlowToken.Vault"
            ],
            "listingType": "A.179b6b1cb6755e31.FindMarketAuctionEscrow.SaleItem",
            "status": "active"
        },
        "FindMarketDirectOfferEscrow": {
            "ListingDetails": [
                {
                    "ftAlias": "Flow",
                    "ftIdentifier": "A.0ae53cb6e3f42a79.FlowToken.Vault",
                    "royalties": [
                        {
                            "address": "0x179b6b1cb6755e31",
                            "cut": 0.025,
                            "royaltyName": "find"
                        },
                        {
                            "address": "0xf669cb8d41ce0c74",
                            "cut": 0.05,
                            "findName": "user1",
                            "royaltyName": "creator"
                        },
                        {
                            "address": "0x179b6b1cb6755e31",
                            "cut": 0.025,
                            "royaltyName": "find forge"
                        }
                    ]
                }
            ],
            "ftAlias": [
                "Flow"
            ],
            "ftIdentifiers": [
                "A.0ae53cb6e3f42a79.FlowToken.Vault"
            ],
            "listingType": "A.179b6b1cb6755e31.FindMarketDirectOfferEscrow.SaleItem",
            "status": "active"
        },
        "FindMarketSale": {
            "ListingDetails": [
                {
                    "ftAlias": "Flow",
                    "ftIdentifier": "A.0ae53cb6e3f42a79.FlowToken.Vault",
                    "royalties": [
                        {
                            "address": "0x179b6b1cb6755e31",
                            "cut": 0.025,
                            "royaltyName": "find"
                        },
                        {
                            "address": "0xf669cb8d41ce0c74",
                            "cut": 0.05,
                            "findName": "user1",
                            "royaltyName": "creator"
                        },
                        {
                            "address": "0x179b6b1cb6755e31",
                            "cut": 0.025,
                            "royaltyName": "find forge"
                        }
                    ]
                }
            ],
            "ftAlias": [
                "Flow"
            ],
            "ftIdentifiers": [
                "A.0ae53cb6e3f42a79.FlowToken.Vault"
            ],
            "listingType": "A.179b6b1cb6755e31.FindMarketSale.SaleItem",
            "status": "active"
        }
    },
    "linkedForMarket": true,
    "nftDetail": {
        "collection": {
            "bannerImage": {
                "https://xtingles.com/images/main-metaverse.png": "image"
            },
            "description": "xtingle FIND",
            "externalURL": "https://xtingles.com/",
            "name": "xtingles",
            "socials": {
                "Discord": "https://discord.com/invite/XZDYE6jEuq"
            },
            "squareImage": {
                "https://xtingles-strapi-prod.s3.us-east-2.amazonaws.com/copy_of_upcoming_drops_db41fbf287.png": "image"
            }
        },
        "description": "xtingle_NFT",
        "editions": [
            {
                "max": 1,
                "name": "nft",
                "number": 1
            }
        ],
        "externalViewURL": "https://nft.blocto.app/xtingles//ID1",
        "id": 1649,
        "media": {
            "https://nft.blocto.app/xtingles/preview-xBloctopus.png": "image/png;display=thumbnail",
            "https://nft.blocto.app/xtingles/xBloctopus.mp4": "video/mp4"
        },
        "name": "xtingle 1 of 1",
        "rarity": {
            "description": "rare",
            "max": 100,
            "score": 50
        },
        "soulBounded": false,
        "thumbnail": "https://nft.blocto.app/xtingles/preview-xBloctopus.png",
        "traits": [
            {
                "displayType": "String",
                "name": "Author",
                "value": "Xtingels"
            },
            {
                "displayType": "Numeric",
                "name": "video_length",
                "value": 27
            }
        ],
        "type": "A.179b6b1cb6755e31.Dandy.NFT",
        "uuid": 1649,
        "views": [
            "checked",
            "checked",
            "checked",
            "checked"
        ]
    }
}`
