`{
    "linkedForMarket": true,
    "nftDetail": {
        "collection": {
            "bannerImage": {
                "https://s3.us-east-2.amazonaws.com/giglabs.assets.ufc/4f166ac23e10bb510319e82fe9ed2c7d": "image"
            },
            "description": "ufc strike FIND",
            "externalURL": "https://ufcstrike.com/",
            "name": "ufcstrike",
            "socials": {
                "Discord": "https://discord.gg/UFCStrike",
                "Twitter": "https://twitter.com/UFCStrikeNFT"
            },
            "squareImage": {
                "https://assets.website-files.com/62605ca984796169418ca5dc/628e9bba372af61fcf967e03_round-one-standard-p-1080.png": "image"
            }
        },
        "description": "ufcstrike_NFT",
        "editions": [
            {
                "max": 1,
                "name": "nft",
                "number": 1
            }
        ],
        "externalViewURL": "https://www.ufcstrike.com/ID2",
        "id": 1650,
        "media": {
            "ipfs://QmdDJUobzSaFfg8PwZZcCB3cPwbZ8pthRf1x6XiR9xwS3U": "video/mp4",
            "ipfs://QmeDLGnYNyunkTjd23yx36sHviWyR9L2shHshjwe1qBCqR": "image;display=thumbnail"
        },
        "name": "ufcstrike 1 of 1",
        "rarity": {
            "description": "rare",
            "max": 100,
            "score": 50
        },
        "soulBounded": false,
        "thumbnail": "ipfs://QmeDLGnYNyunkTjd23yx36sHviWyR9L2shHshjwe1qBCqR",
        "traits": [
            {
                "displayType": "String",
                "name": "Signature_move",
                "value": "Rare naked choke"
            },
            {
                "displayType": "Numeric",
                "name": "Reach",
                "value": 120
            }
        ],
        "type": "A.179b6b1cb6755e31.Dandy.NFT",
        "uuid": 1650,
        "views": [
            "checked",
            "checked",
            "checked",
            "checked"
        ]
    }
}`
