`{
    "allowedListingActions": {
        "FindMarketAuctionEscrow": {
            "ListingDetails": [
                {
                    "ftAlias": "Flow",
                    "ftIdentifier": "A.0ae53cb6e3f42a79.FlowToken.Vault",
                    "royalties": [
                        {
                            "address": "0xf8d6e0586b0a20c7",
                            "cut": 0.025,
                            "royaltyName": "find"
                        },
                        {
                            "address": "0x179b6b1cb6755e31",
                            "cut": 0.05,
                            "findName": "user1",
                            "royaltyName": "creator"
                        },
                        {
                            "address": "0xf8d6e0586b0a20c7",
                            "cut": 0.025,
                            "royaltyName": "find forge"
                        }
                    ]
                }
            ],
            "ftAlias": [
                "Flow"
            ],
            "ftIdentifiers": [
                "A.0ae53cb6e3f42a79.FlowToken.Vault"
            ],
            "listingType": "A.f8d6e0586b0a20c7.FindMarketAuctionEscrow.SaleItem",
            "status": "active"
        },
        "FindMarketAuctionSoft": {
            "ListingDetails": [
                {
                    "ftAlias": "Flow",
                    "ftIdentifier": "A.0ae53cb6e3f42a79.FlowToken.Vault",
                    "royalties": [
                        {
                            "address": "0xf8d6e0586b0a20c7",
                            "cut": 0.025,
                            "royaltyName": "find"
                        },
                        {
                            "address": "0x179b6b1cb6755e31",
                            "cut": 0.05,
                            "findName": "user1",
                            "royaltyName": "creator"
                        },
                        {
                            "address": "0xf8d6e0586b0a20c7",
                            "cut": 0.025,
                            "royaltyName": "find forge"
                        }
                    ]
                }
            ],
            "ftAlias": [
                "Flow"
            ],
            "ftIdentifiers": [
                "A.0ae53cb6e3f42a79.FlowToken.Vault"
            ],
            "listingType": "A.f8d6e0586b0a20c7.FindMarketAuctionSoft.SaleItem",
            "status": "active"
        },
        "FindMarketDirectOfferEscrow": {
            "ListingDetails": [
                {
                    "ftAlias": "Flow",
                    "ftIdentifier": "A.0ae53cb6e3f42a79.FlowToken.Vault",
                    "royalties": [
                        {
                            "address": "0xf8d6e0586b0a20c7",
                            "cut": 0.025,
                            "royaltyName": "find"
                        },
                        {
                            "address": "0x179b6b1cb6755e31",
                            "cut": 0.05,
                            "findName": "user1",
                            "royaltyName": "creator"
                        },
                        {
                            "address": "0xf8d6e0586b0a20c7",
                            "cut": 0.025,
                            "royaltyName": "find forge"
                        }
                    ]
                }
            ],
            "ftAlias": [
                "Flow"
            ],
            "ftIdentifiers": [
                "A.0ae53cb6e3f42a79.FlowToken.Vault"
            ],
            "listingType": "A.f8d6e0586b0a20c7.FindMarketDirectOfferEscrow.SaleItem",
            "status": "active"
        },
        "FindMarketDirectOfferSoft": {
            "ListingDetails": [
                {
                    "ftAlias": "Flow",
                    "ftIdentifier": "A.0ae53cb6e3f42a79.FlowToken.Vault",
                    "royalties": [
                        {
                            "address": "0xf8d6e0586b0a20c7",
                            "cut": 0.025,
                            "royaltyName": "find"
                        },
                        {
                            "address": "0x179b6b1cb6755e31",
                            "cut": 0.05,
                            "findName": "user1",
                            "royaltyName": "creator"
                        },
                        {
                            "address": "0xf8d6e0586b0a20c7",
                            "cut": 0.025,
                            "royaltyName": "find forge"
                        }
                    ]
                }
            ],
            "ftAlias": [
                "Flow"
            ],
            "ftIdentifiers": [
                "A.0ae53cb6e3f42a79.FlowToken.Vault"
            ],
            "listingType": "A.f8d6e0586b0a20c7.FindMarketDirectOfferSoft.SaleItem",
            "status": "active"
        },
        "FindMarketSale": {
            "ListingDetails": [
                {
                    "ftAlias": "Flow",
                    "ftIdentifier": "A.0ae53cb6e3f42a79.FlowToken.Vault",
                    "royalties": [
                        {
                            "address": "0xf8d6e0586b0a20c7",
                            "cut": 0.025,
                            "royaltyName": "find"
                        },
                        {
                            "address": "0x179b6b1cb6755e31",
                            "cut": 0.05,
                            "findName": "user1",
                            "royaltyName": "creator"
                        },
                        {
                            "address": "0xf8d6e0586b0a20c7",
                            "cut": 0.025,
                            "royaltyName": "find forge"
                        }
                    ]
                }
            ],
            "ftAlias": [
                "Flow"
            ],
            "ftIdentifiers": [
                "A.0ae53cb6e3f42a79.FlowToken.Vault"
            ],
            "listingType": "A.f8d6e0586b0a20c7.FindMarketSale.SaleItem",
            "status": "active"
        }
    },
    "linkedForMarket": true,
    "nftDetail": {
        "collection": {
            "bannerImage": {
                "https://neomotorcycles.co.uk/assets/img/neo-logo-web-dark.png?h=5a4d226197291f5f6370e79a1ee656a1": "image"
            },
            "description": "Neo Collectibles FIND",
            "externalURL": "https://neomotorcycles.co.uk/index.html",
            "name": "neomotorcycle",
            "socials": {
                "Discord": "https://discord.com/invite/XwSdNydezR",
                "Twitter": "https://twitter.com/MotorcyclesNeo"
            },
            "squareImage": {
                "https://neomotorcycles.co.uk/assets/img/neo_motorcycle_side.webp": "image"
            }
        },
        "description": "Bringing the motorcycle world into the 21st century with cutting edge EV technology and advanced performance in a great classic British style, all here in the UK",
        "editions": [
            {
                "max": 1,
                "name": "nft",
                "number": 1
            }
        ],
        "externalViewURL": "https://find.xyz/collection/user1/dandy/ID0",
        "id": 953,
        "media": {
            "https://neomotorcycles.co.uk/assets/img/neo_motorcycle_side.webp": "image/png"
        },
        "name": "Neo Motorcycle 1 of 1",
        "rarity": {
            "description": "rare",
            "max": 100,
            "score": 50
        },
        "thumbnail": "https://neomotorcycles.co.uk/assets/img/neo_motorcycle_side.webp",
        "traits": [
            {
                "displayType": "String",
                "name": "Color",
                "value": "Pearl"
            },
            {
                "displayType": "Numeric",
                "name": "Speed",
                "value": 200
            }
        ],
        "type": "A.f8d6e0586b0a20c7.Dandy.NFT",
        "uuid": 953,
        "views": [
            "checked",
            "checked",
            "checked",
            "checked"
        ]
    }
}`
