`{
    "allowedListingActions": {
        "FindMarketAuctionEscrow": {
            "ListingDetails": [
                {
                    "ftAlias": "Flow",
                    "ftIdentifier": "A.0ae53cb6e3f42a79.FlowToken.Vault",
                    "royalties": [
                        {
                            "address": "0xf8d6e0586b0a20c7",
                            "cut": 0.025,
                            "royaltyName": "find"
                        },
                        {
                            "address": "0x179b6b1cb6755e31",
                            "cut": 0.05,
                            "findName": "user1",
                            "royaltyName": "creator"
                        },
                        {
                            "address": "0xf8d6e0586b0a20c7",
                            "cut": 0.025,
                            "royaltyName": "find forge"
                        }
                    ]
                }
            ],
            "ftAlias": [
                "Flow"
            ],
            "ftIdentifiers": [
                "A.0ae53cb6e3f42a79.FlowToken.Vault"
            ],
            "listingType": "A.f8d6e0586b0a20c7.FindMarketAuctionEscrow.SaleItem",
            "status": "active"
        },
        "FindMarketAuctionSoft": {
            "ListingDetails": [
                {
                    "ftAlias": "Flow",
                    "ftIdentifier": "A.0ae53cb6e3f42a79.FlowToken.Vault",
                    "royalties": [
                        {
                            "address": "0xf8d6e0586b0a20c7",
                            "cut": 0.025,
                            "royaltyName": "find"
                        },
                        {
                            "address": "0x179b6b1cb6755e31",
                            "cut": 0.05,
                            "findName": "user1",
                            "royaltyName": "creator"
                        },
                        {
                            "address": "0xf8d6e0586b0a20c7",
                            "cut": 0.025,
                            "royaltyName": "find forge"
                        }
                    ]
                }
            ],
            "ftAlias": [
                "Flow"
            ],
            "ftIdentifiers": [
                "A.0ae53cb6e3f42a79.FlowToken.Vault"
            ],
            "listingType": "A.f8d6e0586b0a20c7.FindMarketAuctionSoft.SaleItem",
            "status": "active"
        },
        "FindMarketDirectOfferEscrow": {
            "ListingDetails": [
                {
                    "ftAlias": "Flow",
                    "ftIdentifier": "A.0ae53cb6e3f42a79.FlowToken.Vault",
                    "royalties": [
                        {
                            "address": "0xf8d6e0586b0a20c7",
                            "cut": 0.025,
                            "royaltyName": "find"
                        },
                        {
                            "address": "0x179b6b1cb6755e31",
                            "cut": 0.05,
                            "findName": "user1",
                            "royaltyName": "creator"
                        },
                        {
                            "address": "0xf8d6e0586b0a20c7",
                            "cut": 0.025,
                            "royaltyName": "find forge"
                        }
                    ]
                }
            ],
            "ftAlias": [
                "Flow"
            ],
            "ftIdentifiers": [
                "A.0ae53cb6e3f42a79.FlowToken.Vault"
            ],
            "listingType": "A.f8d6e0586b0a20c7.FindMarketDirectOfferEscrow.SaleItem",
            "status": "active"
        },
        "FindMarketDirectOfferSoft": {
            "ListingDetails": [
                {
                    "ftAlias": "Flow",
                    "ftIdentifier": "A.0ae53cb6e3f42a79.FlowToken.Vault",
                    "royalties": [
                        {
                            "address": "0xf8d6e0586b0a20c7",
                            "cut": 0.025,
                            "royaltyName": "find"
                        },
                        {
                            "address": "0x179b6b1cb6755e31",
                            "cut": 0.05,
                            "findName": "user1",
                            "royaltyName": "creator"
                        },
                        {
                            "address": "0xf8d6e0586b0a20c7",
                            "cut": 0.025,
                            "royaltyName": "find forge"
                        }
                    ]
                }
            ],
            "ftAlias": [
                "Flow"
            ],
            "ftIdentifiers": [
                "A.0ae53cb6e3f42a79.FlowToken.Vault"
            ],
            "listingType": "A.f8d6e0586b0a20c7.FindMarketDirectOfferSoft.SaleItem",
            "status": "active"
        },
        "FindMarketSale": {
            "ListingDetails": [
                {
                    "ftAlias": "Flow",
                    "ftIdentifier": "A.0ae53cb6e3f42a79.FlowToken.Vault",
                    "royalties": [
                        {
                            "address": "0xf8d6e0586b0a20c7",
                            "cut": 0.025,
                            "royaltyName": "find"
                        },
                        {
                            "address": "0x179b6b1cb6755e31",
                            "cut": 0.05,
                            "findName": "user1",
                            "royaltyName": "creator"
                        },
                        {
                            "address": "0xf8d6e0586b0a20c7",
                            "cut": 0.025,
                            "royaltyName": "find forge"
                        }
                    ]
                }
            ],
            "ftAlias": [
                "Flow"
            ],
            "ftIdentifiers": [
                "A.0ae53cb6e3f42a79.FlowToken.Vault"
            ],
            "listingType": "A.f8d6e0586b0a20c7.FindMarketSale.SaleItem",
            "status": "active"
        }
    },
    "nftDetail": {
        "collection": {
            "bannerImage": {
                "https://s3.us-east-2.amazonaws.com/giglabs.assets.ufc/4f166ac23e10bb510319e82fe9ed2c7d": "image"
            },
            "description": "ufc strike FIND",
            "externalURL": "https://ufcstrike.com/",
            "name": "ufcstrike",
            "socials": {
                "Discord": "https://discord.gg/UFCStrike",
                "Twitter": "https://twitter.com/UFCStrikeNFT"
            },
            "squareImage": {
                "https://assets.website-files.com/62605ca984796169418ca5dc/628e9bba372af61fcf967e03_round-one-standard-p-1080.png": "image"
            }
        },
        "description": "ufcstrike_NFT",
        "editions": [
            {
                "max": 1,
                "name": "nft",
                "number": 1
            }
        ],
        "externalViewURL": "https://www.ufcstrike.com/ID2",
        "id": 955,
        "media": {
            "ipfs://QmdDJUobzSaFfg8PwZZcCB3cPwbZ8pthRf1x6XiR9xwS3U": "video/mp4",
            "ipfs://QmeDLGnYNyunkTjd23yx36sHviWyR9L2shHshjwe1qBCqR": "image;display=thumbnail"
        },
        "name": "ufcstrike 1 of 1",
        "rarity": {
            "description": "rare",
            "max": 100,
            "score": 50
        },
        "thumbnail": "ipfs://QmeDLGnYNyunkTjd23yx36sHviWyR9L2shHshjwe1qBCqR",
        "traits": [
            {
                "displayType": "String",
                "name": "Signature_move",
                "value": "Rare naked choke"
            },
            {
                "displayType": "Numeric",
                "name": "Reach",
                "value": 120
            }
        ],
        "type": "A.f8d6e0586b0a20c7.Dandy.NFT",
        "uuid": 955,
        "views": [
            "checked",
            "checked",
            "checked",
            "checked"
        ]
    }
}`
